<?xml version="1.0"?>
<link_info>
   <banner>TI ARM Linker PC v5.2.5</banner>
   <copyright>Copyright (c) 1996-2015 Texas Instruments Incorporated</copyright>
   <link_time>0x56a6560b</link_time>
   <link_errors>0x0</link_errors>
   <output_file>cubesat_lab.out</output_file>
   <entry_point>
      <name>_c_int00</name>
      <address>0x2525</address>
   </entry_point>
   <input_file_list>
      <input_file id="fl-2">
         <path>.\</path>
         <kind>object</kind>
         <file>bitstream.obj</file>
         <name>bitstream.obj</name>
      </input_file>
      <input_file id="fl-3">
         <path>.\</path>
         <kind>object</kind>
         <file>cc112x.obj</file>
         <name>cc112x.obj</name>
      </input_file>
      <input_file id="fl-4">
         <path>.\</path>
         <kind>object</kind>
         <file>convolute.obj</file>
         <name>convolute.obj</name>
      </input_file>
      <input_file id="fl-5">
         <path>.\</path>
         <kind>object</kind>
         <file>galois_field.obj</file>
         <name>galois_field.obj</name>
      </input_file>
      <input_file id="fl-6">
         <path>.\</path>
         <kind>object</kind>
         <file>interleave.obj</file>
         <name>interleave.obj</name>
      </input_file>
      <input_file id="fl-7">
         <path>.\</path>
         <kind>object</kind>
         <file>main_xcvr_tx.obj</file>
         <name>main_xcvr_tx.obj</name>
      </input_file>
      <input_file id="fl-8">
         <path>.\</path>
         <kind>object</kind>
         <file>matrix.obj</file>
         <name>matrix.obj</name>
      </input_file>
      <input_file id="fl-9">
         <path>.\</path>
         <kind>object</kind>
         <file>memory_tracker.obj</file>
         <name>memory_tracker.obj</name>
      </input_file>
      <input_file id="fl-a">
         <path>.\</path>
         <kind>object</kind>
         <file>packet.obj</file>
         <name>packet.obj</name>
      </input_file>
      <input_file id="fl-b">
         <path>.\</path>
         <kind>object</kind>
         <file>reed_solomon.obj</file>
         <name>reed_solomon.obj</name>
      </input_file>
      <input_file id="fl-c">
         <path>.\</path>
         <kind>object</kind>
         <file>startup_ccs.obj</file>
         <name>startup_ccs.obj</name>
      </input_file>
      <input_file id="fl-d">
         <path>.\</path>
         <kind>object</kind>
         <file>uart_funcs.obj</file>
         <name>uart_funcs.obj</name>
      </input_file>
      <input_file id="fl-134">
         <path>C:\ti\ccsv6\tools\compiler\ti-cgt-arm_5.2.5\lib\</path>
         <kind>archive</kind>
         <file>rtsv7M4_T_le_v4SPD16_eabi.lib</file>
         <name>assert.obj</name>
      </input_file>
      <input_file id="fl-135">
         <path>C:\ti\ccsv6\tools\compiler\ti-cgt-arm_5.2.5\lib\</path>
         <kind>archive</kind>
         <file>rtsv7M4_T_le_v4SPD16_eabi.lib</file>
         <name>boot.obj</name>
      </input_file>
      <input_file id="fl-136">
         <path>C:\ti\ccsv6\tools\compiler\ti-cgt-arm_5.2.5\lib\</path>
         <kind>archive</kind>
         <file>rtsv7M4_T_le_v4SPD16_eabi.lib</file>
         <name>copy_decompress_none.obj</name>
      </input_file>
      <input_file id="fl-137">
         <path>C:\ti\ccsv6\tools\compiler\ti-cgt-arm_5.2.5\lib\</path>
         <kind>archive</kind>
         <file>rtsv7M4_T_le_v4SPD16_eabi.lib</file>
         <name>copy_decompress_rle.obj</name>
      </input_file>
      <input_file id="fl-138">
         <path>C:\ti\ccsv6\tools\compiler\ti-cgt-arm_5.2.5\lib\</path>
         <kind>archive</kind>
         <file>rtsv7M4_T_le_v4SPD16_eabi.lib</file>
         <name>copy_zero_init.obj</name>
      </input_file>
      <input_file id="fl-139">
         <path>C:\ti\ccsv6\tools\compiler\ti-cgt-arm_5.2.5\lib\</path>
         <kind>archive</kind>
         <file>rtsv7M4_T_le_v4SPD16_eabi.lib</file>
         <name>defs.obj</name>
      </input_file>
      <input_file id="fl-13a">
         <path>C:\ti\ccsv6\tools\compiler\ti-cgt-arm_5.2.5\lib\</path>
         <kind>archive</kind>
         <file>rtsv7M4_T_le_v4SPD16_eabi.lib</file>
         <name>exit.obj</name>
      </input_file>
      <input_file id="fl-13b">
         <path>C:\ti\ccsv6\tools\compiler\ti-cgt-arm_5.2.5\lib\</path>
         <kind>archive</kind>
         <file>rtsv7M4_T_le_v4SPD16_eabi.lib</file>
         <name>fd_add_t2.obj</name>
      </input_file>
      <input_file id="fl-13c">
         <path>C:\ti\ccsv6\tools\compiler\ti-cgt-arm_5.2.5\lib\</path>
         <kind>archive</kind>
         <file>rtsv7M4_T_le_v4SPD16_eabi.lib</file>
         <name>fd_toi_t2.obj</name>
      </input_file>
      <input_file id="fl-13d">
         <path>C:\ti\ccsv6\tools\compiler\ti-cgt-arm_5.2.5\lib\</path>
         <kind>archive</kind>
         <file>rtsv7M4_T_le_v4SPD16_eabi.lib</file>
         <name>fd_tou_t2.obj</name>
      </input_file>
      <input_file id="fl-13e">
         <path>C:\ti\ccsv6\tools\compiler\ti-cgt-arm_5.2.5\lib\</path>
         <kind>archive</kind>
         <file>rtsv7M4_T_le_v4SPD16_eabi.lib</file>
         <name>fflush.obj</name>
      </input_file>
      <input_file id="fl-13f">
         <path>C:\ti\ccsv6\tools\compiler\ti-cgt-arm_5.2.5\lib\</path>
         <kind>archive</kind>
         <file>rtsv7M4_T_le_v4SPD16_eabi.lib</file>
         <name>fputs.obj</name>
      </input_file>
      <input_file id="fl-140">
         <path>C:\ti\ccsv6\tools\compiler\ti-cgt-arm_5.2.5\lib\</path>
         <kind>archive</kind>
         <file>rtsv7M4_T_le_v4SPD16_eabi.lib</file>
         <name>i_tofd_t2.obj</name>
      </input_file>
      <input_file id="fl-141">
         <path>C:\ti\ccsv6\tools\compiler\ti-cgt-arm_5.2.5\lib\</path>
         <kind>archive</kind>
         <file>rtsv7M4_T_le_v4SPD16_eabi.lib</file>
         <name>lowlev.obj</name>
      </input_file>
      <input_file id="fl-142">
         <path>C:\ti\ccsv6\tools\compiler\ti-cgt-arm_5.2.5\lib\</path>
         <kind>archive</kind>
         <file>rtsv7M4_T_le_v4SPD16_eabi.lib</file>
         <name>memchr.obj</name>
      </input_file>
      <input_file id="fl-143">
         <path>C:\ti\ccsv6\tools\compiler\ti-cgt-arm_5.2.5\lib\</path>
         <kind>archive</kind>
         <file>rtsv7M4_T_le_v4SPD16_eabi.lib</file>
         <name>memcpy_t2.obj</name>
      </input_file>
      <input_file id="fl-144">
         <path>C:\ti\ccsv6\tools\compiler\ti-cgt-arm_5.2.5\lib\</path>
         <kind>archive</kind>
         <file>rtsv7M4_T_le_v4SPD16_eabi.lib</file>
         <name>memory.obj</name>
      </input_file>
      <input_file id="fl-145">
         <path>C:\ti\ccsv6\tools\compiler\ti-cgt-arm_5.2.5\lib\</path>
         <kind>archive</kind>
         <file>rtsv7M4_T_le_v4SPD16_eabi.lib</file>
         <name>memset_t2.obj</name>
      </input_file>
      <input_file id="fl-146">
         <path>C:\ti\ccsv6\tools\compiler\ti-cgt-arm_5.2.5\lib\</path>
         <kind>archive</kind>
         <file>rtsv7M4_T_le_v4SPD16_eabi.lib</file>
         <name>pow.obj</name>
      </input_file>
      <input_file id="fl-147">
         <path>C:\ti\ccsv6\tools\compiler\ti-cgt-arm_5.2.5\lib\</path>
         <kind>archive</kind>
         <file>rtsv7M4_T_le_v4SPD16_eabi.lib</file>
         <name>pre_init.obj</name>
      </input_file>
      <input_file id="fl-148">
         <path>C:\ti\ccsv6\tools\compiler\ti-cgt-arm_5.2.5\lib\</path>
         <kind>archive</kind>
         <file>rtsv7M4_T_le_v4SPD16_eabi.lib</file>
         <name>printf.obj</name>
      </input_file>
      <input_file id="fl-149">
         <path>C:\ti\ccsv6\tools\compiler\ti-cgt-arm_5.2.5\lib\</path>
         <kind>archive</kind>
         <file>rtsv7M4_T_le_v4SPD16_eabi.lib</file>
         <name>sprintf.obj</name>
      </input_file>
      <input_file id="fl-14a">
         <path>C:\ti\ccsv6\tools\compiler\ti-cgt-arm_5.2.5\lib\</path>
         <kind>archive</kind>
         <file>rtsv7M4_T_le_v4SPD16_eabi.lib</file>
         <name>sqrt.obj</name>
      </input_file>
      <input_file id="fl-14b">
         <path>C:\ti\ccsv6\tools\compiler\ti-cgt-arm_5.2.5\lib\</path>
         <kind>archive</kind>
         <file>rtsv7M4_T_le_v4SPD16_eabi.lib</file>
         <name>stkdepth_vars.obj</name>
      </input_file>
      <input_file id="fl-14c">
         <path>C:\ti\ccsv6\tools\compiler\ti-cgt-arm_5.2.5\lib\</path>
         <kind>archive</kind>
         <file>rtsv7M4_T_le_v4SPD16_eabi.lib</file>
         <name>strchr.obj</name>
      </input_file>
      <input_file id="fl-14d">
         <path>C:\ti\ccsv6\tools\compiler\ti-cgt-arm_5.2.5\lib\</path>
         <kind>archive</kind>
         <file>rtsv7M4_T_le_v4SPD16_eabi.lib</file>
         <name>strcmp.obj</name>
      </input_file>
      <input_file id="fl-14e">
         <path>C:\ti\ccsv6\tools\compiler\ti-cgt-arm_5.2.5\lib\</path>
         <kind>archive</kind>
         <file>rtsv7M4_T_le_v4SPD16_eabi.lib</file>
         <name>strlen.obj</name>
      </input_file>
      <input_file id="fl-14f">
         <path>C:\ti\ccsv6\tools\compiler\ti-cgt-arm_5.2.5\lib\</path>
         <kind>archive</kind>
         <file>rtsv7M4_T_le_v4SPD16_eabi.lib</file>
         <name>strncpy.obj</name>
      </input_file>
      <input_file id="fl-150">
         <path>C:\ti\ccsv6\tools\compiler\ti-cgt-arm_5.2.5\lib\</path>
         <kind>archive</kind>
         <file>rtsv7M4_T_le_v4SPD16_eabi.lib</file>
         <name>trgdrv.obj</name>
      </input_file>
      <input_file id="fl-151">
         <path>C:\ti\ccsv6\tools\compiler\ti-cgt-arm_5.2.5\lib\</path>
         <kind>archive</kind>
         <file>rtsv7M4_T_le_v4SPD16_eabi.lib</file>
         <name>trgmsg.obj</name>
      </input_file>
      <input_file id="fl-152">
         <path>C:\ti\ccsv6\tools\compiler\ti-cgt-arm_5.2.5\lib\</path>
         <kind>archive</kind>
         <file>rtsv7M4_T_le_v4SPD16_eabi.lib</file>
         <name>u_divt2.obj</name>
      </input_file>
      <input_file id="fl-153">
         <path>C:\ti\ccsv6\tools\compiler\ti-cgt-arm_5.2.5\lib\</path>
         <kind>archive</kind>
         <file>rtsv7M4_T_le_v4SPD16_eabi.lib</file>
         <name>xdint.obj</name>
      </input_file>
      <input_file id="fl-154">
         <path>C:\ti\ccsv6\tools\compiler\ti-cgt-arm_5.2.5\lib\</path>
         <kind>archive</kind>
         <file>rtsv7M4_T_le_v4SPD16_eabi.lib</file>
         <name>xdscale.obj</name>
      </input_file>
      <input_file id="fl-155">
         <path>C:\ti\ccsv6\tools\compiler\ti-cgt-arm_5.2.5\lib\</path>
         <kind>archive</kind>
         <file>rtsv7M4_T_le_v4SPD16_eabi.lib</file>
         <name>xdunscal.obj</name>
      </input_file>
      <input_file id="fl-156">
         <path>C:\ti\ccsv6\tools\compiler\ti-cgt-arm_5.2.5\lib\</path>
         <kind>archive</kind>
         <file>rtsv7M4_T_le_v4SPD16_eabi.lib</file>
         <name>xexp.obj</name>
      </input_file>
      <input_file id="fl-157">
         <path>C:\ti\ccsv6\tools\compiler\ti-cgt-arm_5.2.5\lib\</path>
         <kind>archive</kind>
         <file>rtsv7M4_T_le_v4SPD16_eabi.lib</file>
         <name>xferaise.obj</name>
      </input_file>
      <input_file id="fl-158">
         <path>C:\ti\ccsv6\tools\compiler\ti-cgt-arm_5.2.5\lib\</path>
         <kind>archive</kind>
         <file>rtsv7M4_T_le_v4SPD16_eabi.lib</file>
         <name>xvalues.obj</name>
      </input_file>
      <input_file id="fl-159">
         <path>C:\ti\ccsv6\tools\compiler\ti-cgt-arm_5.2.5\lib\</path>
         <kind>archive</kind>
         <file>rtsv7M4_T_le_v4SPD16_eabi.lib</file>
         <name>_io_perm.obj</name>
      </input_file>
      <input_file id="fl-15a">
         <path>C:\ti\ccsv6\tools\compiler\ti-cgt-arm_5.2.5\lib\</path>
         <kind>archive</kind>
         <file>rtsv7M4_T_le_v4SPD16_eabi.lib</file>
         <name>_lock.obj</name>
      </input_file>
      <input_file id="fl-15b">
         <path>C:\ti\ccsv6\tools\compiler\ti-cgt-arm_5.2.5\lib\</path>
         <kind>archive</kind>
         <file>rtsv7M4_T_le_v4SPD16_eabi.lib</file>
         <name>_printfi.obj</name>
      </input_file>
      <input_file id="fl-15c">
         <path>C:\ti\ccsv6\tools\compiler\ti-cgt-arm_5.2.5\lib\</path>
         <kind>archive</kind>
         <file>rtsv7M4_T_le_v4SPD16_eabi.lib</file>
         <name>args_main.obj</name>
      </input_file>
      <input_file id="fl-15d">
         <path>C:\ti\ccsv6\tools\compiler\ti-cgt-arm_5.2.5\lib\</path>
         <kind>archive</kind>
         <file>rtsv7M4_T_le_v4SPD16_eabi.lib</file>
         <name>atoi.obj</name>
      </input_file>
      <input_file id="fl-15e">
         <path>C:\ti\ccsv6\tools\compiler\ti-cgt-arm_5.2.5\lib\</path>
         <kind>archive</kind>
         <file>rtsv7M4_T_le_v4SPD16_eabi.lib</file>
         <name>autoinit.obj</name>
      </input_file>
      <input_file id="fl-15f">
         <path>C:\ti\ccsv6\tools\compiler\ti-cgt-arm_5.2.5\lib\</path>
         <kind>archive</kind>
         <file>rtsv7M4_T_le_v4SPD16_eabi.lib</file>
         <name>cpy_tbl.obj</name>
      </input_file>
      <input_file id="fl-160">
         <path>C:\ti\ccsv6\tools\compiler\ti-cgt-arm_5.2.5\lib\</path>
         <kind>archive</kind>
         <file>rtsv7M4_T_le_v4SPD16_eabi.lib</file>
         <name>ctype.obj</name>
      </input_file>
      <input_file id="fl-161">
         <path>C:\ti\ccsv6\tools\compiler\ti-cgt-arm_5.2.5\lib\</path>
         <kind>archive</kind>
         <file>rtsv7M4_T_le_v4SPD16_eabi.lib</file>
         <name>errno.obj</name>
      </input_file>
      <input_file id="fl-162">
         <path>C:\ti\ccsv6\tools\compiler\ti-cgt-arm_5.2.5\lib\</path>
         <kind>archive</kind>
         <file>rtsv7M4_T_le_v4SPD16_eabi.lib</file>
         <name>fd_cmp_t2.obj</name>
      </input_file>
      <input_file id="fl-163">
         <path>C:\ti\ccsv6\tools\compiler\ti-cgt-arm_5.2.5\lib\</path>
         <kind>archive</kind>
         <file>rtsv7M4_T_le_v4SPD16_eabi.lib</file>
         <name>fd_div_t2.obj</name>
      </input_file>
      <input_file id="fl-164">
         <path>C:\ti\ccsv6\tools\compiler\ti-cgt-arm_5.2.5\lib\</path>
         <kind>archive</kind>
         <file>rtsv7M4_T_le_v4SPD16_eabi.lib</file>
         <name>fd_mul_t2.obj</name>
      </input_file>
      <input_file id="fl-165">
         <path>C:\ti\ccsv6\tools\compiler\ti-cgt-arm_5.2.5\lib\</path>
         <kind>archive</kind>
         <file>rtsv7M4_T_le_v4SPD16_eabi.lib</file>
         <name>feraiseexcept.obj</name>
      </input_file>
      <input_file id="fl-166">
         <path>C:\ti\ccsv6\tools\compiler\ti-cgt-arm_5.2.5\lib\</path>
         <kind>archive</kind>
         <file>rtsv7M4_T_le_v4SPD16_eabi.lib</file>
         <name>fputc.obj</name>
      </input_file>
      <input_file id="fl-167">
         <path>C:\ti\ccsv6\tools\compiler\ti-cgt-arm_5.2.5\lib\</path>
         <kind>archive</kind>
         <file>rtsv7M4_T_le_v4SPD16_eabi.lib</file>
         <name>frexp.obj</name>
      </input_file>
      <input_file id="fl-168">
         <path>C:\ti\ccsv6\tools\compiler\ti-cgt-arm_5.2.5\lib\</path>
         <kind>archive</kind>
         <file>rtsv7M4_T_le_v4SPD16_eabi.lib</file>
         <name>fseek.obj</name>
      </input_file>
      <input_file id="fl-169">
         <path>C:\ti\ccsv6\tools\compiler\ti-cgt-arm_5.2.5\lib\</path>
         <kind>archive</kind>
         <file>rtsv7M4_T_le_v4SPD16_eabi.lib</file>
         <name>i_div0.obj</name>
      </input_file>
      <input_file id="fl-16a">
         <path>C:\ti\ccsv6\tools\compiler\ti-cgt-arm_5.2.5\lib\</path>
         <kind>archive</kind>
         <file>rtsv7M4_T_le_v4SPD16_eabi.lib</file>
         <name>ldexp.obj</name>
      </input_file>
      <input_file id="fl-16b">
         <path>C:\ti\ccsv6\tools\compiler\ti-cgt-arm_5.2.5\lib\</path>
         <kind>archive</kind>
         <file>rtsv7M4_T_le_v4SPD16_eabi.lib</file>
         <name>log.obj</name>
      </input_file>
      <input_file id="fl-16c">
         <path>C:\ti\ccsv6\tools\compiler\ti-cgt-arm_5.2.5\lib\</path>
         <kind>archive</kind>
         <file>rtsv7M4_T_le_v4SPD16_eabi.lib</file>
         <name>ltoa.obj</name>
      </input_file>
      <input_file id="fl-16d">
         <path>C:\ti\ccsv6\tools\compiler\ti-cgt-arm_5.2.5\lib\</path>
         <kind>archive</kind>
         <file>rtsv7M4_T_le_v4SPD16_eabi.lib</file>
         <name>memccpy.obj</name>
      </input_file>
      <input_file id="fl-16e">
         <path>C:\ti\ccsv6\tools\compiler\ti-cgt-arm_5.2.5\lib\</path>
         <kind>archive</kind>
         <file>rtsv7M4_T_le_v4SPD16_eabi.lib</file>
         <name>raise.obj</name>
      </input_file>
      <input_file id="fl-16f">
         <path>C:\ti\ccsv6\tools\compiler\ti-cgt-arm_5.2.5\lib\</path>
         <kind>archive</kind>
         <file>rtsv7M4_T_le_v4SPD16_eabi.lib</file>
         <name>setvbuf.obj</name>
      </input_file>
      <input_file id="fl-170">
         <path>C:\ti\ccsv6\tools\compiler\ti-cgt-arm_5.2.5\lib\</path>
         <kind>archive</kind>
         <file>rtsv7M4_T_le_v4SPD16_eabi.lib</file>
         <name>signal.obj</name>
      </input_file>
      <input_file id="fl-171">
         <path>C:\ti\ccsv6\tools\compiler\ti-cgt-arm_5.2.5\lib\</path>
         <kind>archive</kind>
         <file>rtsv7M4_T_le_v4SPD16_eabi.lib</file>
         <name>strcpy.obj</name>
      </input_file>
      <input_file id="fl-172">
         <path>C:\ti\ccsv6\tools\compiler\ti-cgt-arm_5.2.5\lib\</path>
         <kind>archive</kind>
         <file>rtsv7M4_T_le_v4SPD16_eabi.lib</file>
         <name>ull_div_t2.obj</name>
      </input_file>
      <input_file id="fl-173">
         <path>C:\ti\ccsv6\tools\compiler\ti-cgt-arm_5.2.5\lib\</path>
         <kind>archive</kind>
         <file>rtsv7M4_T_le_v4SPD16_eabi.lib</file>
         <name>xdclass.obj</name>
      </input_file>
      <input_file id="fl-174">
         <path>C:\ti\ccsv6\tools\compiler\ti-cgt-arm_5.2.5\lib\</path>
         <kind>archive</kind>
         <file>rtsv7M4_T_le_v4SPD16_eabi.lib</file>
         <name>xdnorm.obj</name>
      </input_file>
      <input_file id="fl-175">
         <path>C:\ti\ccsv6\tools\compiler\ti-cgt-arm_5.2.5\lib\</path>
         <kind>archive</kind>
         <file>rtsv7M4_T_le_v4SPD16_eabi.lib</file>
         <name>xlog.obj</name>
      </input_file>
      <input_file id="fl-176">
         <path>C:\ti\ccsv6\tools\compiler\ti-cgt-arm_5.2.5\lib\</path>
         <kind>archive</kind>
         <file>rtsv7M4_T_le_v4SPD16_eabi.lib</file>
         <name>fopen.obj</name>
      </input_file>
      <input_file id="fl-177">
         <path>C:\ti\ccsv6\tools\compiler\ti-cgt-arm_5.2.5\lib\</path>
         <kind>archive</kind>
         <file>rtsv7M4_T_le_v4SPD16_eabi.lib</file>
         <name>fs_tod_t2.obj</name>
      </input_file>
      <input_file id="fl-178">
         <path>C:\ti\ccsv6\tools\compiler\ti-cgt-arm_5.2.5\lib\</path>
         <kind>archive</kind>
         <file>rtsv7M4_T_le_v4SPD16_eabi.lib</file>
         <name>xfvalues.obj</name>
      </input_file>
      <input_file id="fl-179">
         <path>C:\ti\ccsv6\tools\compiler\ti-cgt-arm_5.2.5\lib\</path>
         <kind>archive</kind>
         <file>rtsv7M4_T_le_v4SPD16_eabi.lib</file>
         <name>fclose.obj</name>
      </input_file>
      <input_file id="fl-17a">
         <path>C:\ti\ccsv6\tools\compiler\ti-cgt-arm_5.2.5\lib\</path>
         <kind>archive</kind>
         <file>rtsv7M4_T_le_v4SPD16_eabi.lib</file>
         <name>remove.obj</name>
      </input_file>
      <input_file id="fl-17b">
         <path>C:\ti\TivaWare_C_Series-2.1.0.12573\examples\boards\ek-tm4c123gxl\uart_echo\ccs\..\..\..\..\..\driverlib\ccs\Debug\</path>
         <kind>archive</kind>
         <file>driverlib.lib</file>
         <name>sysctl.obj</name>
      </input_file>
      <input_file id="fl-17c">
         <path>C:\ti\TivaWare_C_Series-2.1.0.12573\examples\boards\ek-tm4c123gxl\uart_echo\ccs\..\..\..\..\..\driverlib\ccs\Debug\</path>
         <kind>archive</kind>
         <file>driverlib.lib</file>
         <name>ssi.obj</name>
      </input_file>
      <input_file id="fl-17d">
         <path>C:\ti\TivaWare_C_Series-2.1.0.12573\examples\boards\ek-tm4c123gxl\uart_echo\ccs\..\..\..\..\..\driverlib\ccs\Debug\</path>
         <kind>archive</kind>
         <file>driverlib.lib</file>
         <name>interrupt.obj</name>
      </input_file>
      <input_file id="fl-17e">
         <path>C:\ti\TivaWare_C_Series-2.1.0.12573\examples\boards\ek-tm4c123gxl\uart_echo\ccs\..\..\..\..\..\driverlib\ccs\Debug\</path>
         <kind>archive</kind>
         <file>driverlib.lib</file>
         <name>gpio.obj</name>
      </input_file>
      <input_file id="fl-17f">
         <path>C:\ti\TivaWare_C_Series-2.1.0.12573\examples\boards\ek-tm4c123gxl\uart_echo\ccs\..\..\..\..\..\driverlib\ccs\Debug\</path>
         <kind>archive</kind>
         <file>driverlib.lib</file>
         <name>cpu.obj</name>
      </input_file>
   </input_file_list>
   <object_component_list>
      <object_component id="oc-f">
         <name>.intvecs</name>
         <load_address>0x0</load_address>
         <run_address>0x0</run_address>
         <size>0x26c</size>
         <input_file_ref idref="fl-c"/>
      </object_component>
      <object_component id="oc-19c">
         <name>.text</name>
         <load_address>0x26c</load_address>
         <run_address>0x26c</run_address>
         <size>0x10ba</size>
         <input_file_ref idref="fl-15b"/>
      </object_component>
      <object_component id="oc-1d4">
         <name>.text</name>
         <load_address>0x1326</load_address>
         <run_address>0x1326</run_address>
         <size>0x1f4</size>
         <input_file_ref idref="fl-172"/>
      </object_component>
      <object_component id="oc-203">
         <name>.text</name>
         <load_address>0x151a</load_address>
         <run_address>0x151a</run_address>
         <size>0x1b6</size>
         <input_file_ref idref="fl-13b"/>
      </object_component>
      <object_component id="oc-c6">
         <name>.text:main</name>
         <load_address>0x16d0</load_address>
         <run_address>0x16d0</run_address>
         <size>0x160</size>
         <input_file_ref idref="fl-7"/>
      </object_component>
      <object_component id="oc-1e9">
         <name>.text</name>
         <load_address>0x1830</load_address>
         <run_address>0x1830</run_address>
         <size>0x136</size>
         <input_file_ref idref="fl-163"/>
      </object_component>
      <object_component id="oc-1bf">
         <name>.text:GPIOPadConfigSet</name>
         <load_address>0x1966</load_address>
         <run_address>0x1966</run_address>
         <size>0x130</size>
         <input_file_ref idref="fl-17e"/>
      </object_component>
      <object_component id="oc-39">
         <name>.text:FaultISR</name>
         <load_address>0x1a96</load_address>
         <run_address>0x1a96</run_address>
         <size>0x2</size>
         <input_file_ref idref="fl-c"/>
      </object_component>
      <object_component id="oc-e5">
         <name>.text:SysCtlClockGet</name>
         <load_address>0x1a98</load_address>
         <run_address>0x1a98</run_address>
         <size>0x118</size>
         <input_file_ref idref="fl-17b"/>
      </object_component>
      <object_component id="oc-262">
         <name>.text</name>
         <load_address>0x1bb0</load_address>
         <run_address>0x1bb0</run_address>
         <size>0x110</size>
         <input_file_ref idref="fl-154"/>
      </object_component>
      <object_component id="oc-101">
         <name>.text:setup</name>
         <load_address>0x1cc0</load_address>
         <run_address>0x1cc0</run_address>
         <size>0x10c</size>
         <input_file_ref idref="fl-7"/>
      </object_component>
      <object_component id="oc-1e4">
         <name>.text</name>
         <load_address>0x1dcc</load_address>
         <run_address>0x1dcc</run_address>
         <size>0xfc</size>
         <input_file_ref idref="fl-164"/>
      </object_component>
      <object_component id="oc-12b">
         <name>.text:cc112x_print_status_byte</name>
         <load_address>0x1ec8</load_address>
         <run_address>0x1ec8</run_address>
         <size>0xe6</size>
         <input_file_ref idref="fl-3"/>
      </object_component>
      <object_component id="oc-288">
         <name>.text</name>
         <load_address>0x1fae</load_address>
         <run_address>0x1fae</run_address>
         <size>0xbe</size>
         <input_file_ref idref="fl-174"/>
      </object_component>
      <object_component id="oc-4e">
         <name>.text</name>
         <load_address>0x206c</load_address>
         <run_address>0x206c</run_address>
         <size>0x9c</size>
         <input_file_ref idref="fl-143"/>
      </object_component>
      <object_component id="oc-1df">
         <name>.text:__aeabi_cdcmple</name>
         <load_address>0x2108</load_address>
         <run_address>0x2108</run_address>
         <size>0x86</size>
         <input_file_ref idref="fl-162"/>
      </object_component>
      <object_component id="oc-1ee">
         <name>.text:__aeabi_cdrcmple</name>
         <load_address>0x218e</load_address>
         <run_address>0x218e</run_address>
         <size>0x86</size>
         <input_file_ref idref="fl-162"/>
      </object_component>
      <object_component id="oc-67">
         <name>.text</name>
         <load_address>0x2214</load_address>
         <run_address>0x2214</run_address>
         <size>0x7a</size>
         <input_file_ref idref="fl-145"/>
      </object_component>
      <object_component id="oc-33">
         <name>.text:NmiSR</name>
         <load_address>0x228e</load_address>
         <run_address>0x228e</run_address>
         <size>0x2</size>
         <input_file_ref idref="fl-c"/>
      </object_component>
      <object_component id="oc-79">
         <name>.text</name>
         <load_address>0x2290</load_address>
         <run_address>0x2290</run_address>
         <size>0x6c</size>
         <input_file_ref idref="fl-15e"/>
      </object_component>
      <object_component id="oc-5a">
         <name>.text</name>
         <load_address>0x22fc</load_address>
         <run_address>0x22fc</run_address>
         <size>0x6a</size>
         <input_file_ref idref="fl-137"/>
      </object_component>
      <object_component id="oc-25a">
         <name>.text</name>
         <load_address>0x2366</load_address>
         <run_address>0x2366</run_address>
         <size>0x66</size>
         <input_file_ref idref="fl-155"/>
      </object_component>
      <object_component id="oc-131">
         <name>.text</name>
         <load_address>0x23cc</load_address>
         <run_address>0x23cc</run_address>
         <size>0x60</size>
         <input_file_ref idref="fl-149"/>
      </object_component>
      <object_component id="oc-1f8">
         <name>.text</name>
         <load_address>0x242c</load_address>
         <run_address>0x242c</run_address>
         <size>0x56</size>
         <input_file_ref idref="fl-16c"/>
      </object_component>
      <object_component id="oc-20e">
         <name>.text</name>
         <load_address>0x2482</load_address>
         <run_address>0x2482</run_address>
         <size>0x52</size>
         <input_file_ref idref="fl-16a"/>
      </object_component>
      <object_component id="oc-18a">
         <name>.text:cc112x_sgl_reg_access</name>
         <load_address>0x24d4</load_address>
         <run_address>0x24d4</run_address>
         <size>0x50</size>
         <input_file_ref idref="fl-3"/>
      </object_component>
      <object_component id="oc-24">
         <name>.text</name>
         <load_address>0x2524</load_address>
         <run_address>0x2524</run_address>
         <size>0x50</size>
         <input_file_ref idref="fl-135"/>
      </object_component>
      <object_component id="oc-10d">
         <name>.text:cc112x_write_regs</name>
         <load_address>0x2574</load_address>
         <run_address>0x2574</run_address>
         <size>0x4c</size>
         <input_file_ref idref="fl-3"/>
      </object_component>
      <object_component id="oc-226">
         <name>.text</name>
         <load_address>0x25c0</load_address>
         <run_address>0x25c0</run_address>
         <size>0x4c</size>
         <input_file_ref idref="fl-15d"/>
      </object_component>
      <object_component id="oc-be">
         <name>.text</name>
         <load_address>0x260c</load_address>
         <run_address>0x260c</run_address>
         <size>0x4c</size>
         <input_file_ref idref="fl-15f"/>
      </object_component>
      <object_component id="oc-163">
         <name>.text:GPIOPinConfigure</name>
         <load_address>0x2658</load_address>
         <run_address>0x2658</run_address>
         <size>0x48</size>
         <input_file_ref idref="fl-17e"/>
      </object_component>
      <object_component id="oc-1f3">
         <name>.text</name>
         <load_address>0x26a0</load_address>
         <run_address>0x26a0</run_address>
         <size>0x48</size>
         <input_file_ref idref="fl-13c"/>
      </object_component>
      <object_component id="oc-85">
         <name>.text</name>
         <load_address>0x26e8</load_address>
         <run_address>0x26e8</run_address>
         <size>0x44</size>
         <input_file_ref idref="fl-13a"/>
      </object_component>
      <object_component id="oc-175">
         <name>.text:SSIConfigSetExpClk</name>
         <load_address>0x272c</load_address>
         <run_address>0x272c</run_address>
         <size>0x42</size>
         <input_file_ref idref="fl-17c"/>
      </object_component>
      <object_component id="oc-2cc">
         <name>.text</name>
         <load_address>0x2770</load_address>
         <run_address>0x2770</run_address>
         <size>0x40</size>
         <input_file_ref idref="fl-170"/>
      </object_component>
      <object_component id="oc-96">
         <name>.text:UART_TX_string</name>
         <load_address>0x27b0</load_address>
         <run_address>0x27b0</run_address>
         <size>0x3c</size>
         <input_file_ref idref="fl-d"/>
      </object_component>
      <object_component id="oc-107">
         <name>.text:cc112x_manualReset</name>
         <load_address>0x27ec</load_address>
         <run_address>0x27ec</run_address>
         <size>0x36</size>
         <input_file_ref idref="fl-3"/>
      </object_component>
      <object_component id="oc-169">
         <name>.text:SysCtlPeripheralEnable</name>
         <load_address>0x2824</load_address>
         <run_address>0x2824</run_address>
         <size>0x34</size>
         <input_file_ref idref="fl-17b"/>
      </object_component>
      <object_component id="oc-297">
         <name>.text</name>
         <load_address>0x2858</load_address>
         <run_address>0x2858</run_address>
         <size>0x34</size>
         <input_file_ref idref="fl-165"/>
      </object_component>
      <object_component id="oc-21a">
         <name>.text</name>
         <load_address>0x288c</load_address>
         <run_address>0x288c</run_address>
         <size>0x30</size>
         <input_file_ref idref="fl-173"/>
      </object_component>
      <object_component id="oc-268">
         <name>.text</name>
         <load_address>0x28bc</load_address>
         <run_address>0x28bc</run_address>
         <size>0x30</size>
         <input_file_ref idref="fl-157"/>
      </object_component>
      <object_component id="oc-1fe">
         <name>.text</name>
         <load_address>0x28ec</load_address>
         <run_address>0x28ec</run_address>
         <size>0x2e</size>
         <input_file_ref idref="fl-140"/>
      </object_component>
      <object_component id="oc-2bb">
         <name>.text</name>
         <load_address>0x291a</load_address>
         <run_address>0x291a</run_address>
         <size>0x2e</size>
         <input_file_ref idref="fl-16e"/>
      </object_component>
      <object_component id="oc-1b9">
         <name>.text:GPIODirModeSet</name>
         <load_address>0x2948</load_address>
         <run_address>0x2948</run_address>
         <size>0x2a</size>
         <input_file_ref idref="fl-17e"/>
      </object_component>
      <object_component id="oc-208">
         <name>.text</name>
         <load_address>0x2972</load_address>
         <run_address>0x2972</run_address>
         <size>0x2a</size>
         <input_file_ref idref="fl-167"/>
      </object_component>
      <object_component id="oc-3f">
         <name>.text:IntDefaultHandler</name>
         <load_address>0x299c</load_address>
         <run_address>0x299c</run_address>
         <size>0x28</size>
         <input_file_ref idref="fl-c"/>
      </object_component>
      <object_component id="oc-45">
         <name>.text:UARTIntHandler</name>
         <load_address>0x29c4</load_address>
         <run_address>0x29c4</run_address>
         <size>0x28</size>
         <input_file_ref idref="fl-7"/>
      </object_component>
      <object_component id="oc-220">
         <name>.text</name>
         <load_address>0x29ec</load_address>
         <run_address>0x29ec</run_address>
         <size>0x1c</size>
         <input_file_ref idref="fl-16d"/>
      </object_component>
      <object_component id="oc-7f">
         <name>.text</name>
         <load_address>0x2a08</load_address>
         <run_address>0x2a08</run_address>
         <size>0x18</size>
         <input_file_ref idref="fl-15c"/>
      </object_component>
      <object_component id="oc-214">
         <name>.text</name>
         <load_address>0x2a20</load_address>
         <run_address>0x2a20</run_address>
         <size>0x16</size>
         <input_file_ref idref="fl-14c"/>
      </object_component>
      <object_component id="oc-1cb">
         <name>.text:cc112x_wait_until_ready</name>
         <load_address>0x2a36</load_address>
         <run_address>0x2a36</run_address>
         <size>0x14</size>
         <input_file_ref idref="fl-3"/>
      </object_component>
      <object_component id="oc-143">
         <name>.text</name>
         <load_address>0x2a4c</load_address>
         <run_address>0x2a4c</run_address>
         <size>0x14</size>
         <input_file_ref idref="fl-15a"/>
      </object_component>
      <object_component id="oc-1d9">
         <name>.text</name>
         <load_address>0x2a60</load_address>
         <run_address>0x2a60</run_address>
         <size>0x14</size>
         <input_file_ref idref="fl-14e"/>
      </object_component>
      <object_component id="oc-16f">
         <name>.text:GPIOPinTypeSSI</name>
         <load_address>0x2a74</load_address>
         <run_address>0x2a74</run_address>
         <size>0x12</size>
         <input_file_ref idref="fl-17e"/>
      </object_component>
      <object_component id="oc-11f">
         <name>.text:SSIDataGetNonBlocking</name>
         <load_address>0x2a86</load_address>
         <run_address>0x2a86</run_address>
         <size>0x12</size>
         <input_file_ref idref="fl-17c"/>
      </object_component>
      <object_component id="oc-12">
         <name>.text:decompress:none</name>
         <load_address>0x2a98</load_address>
         <run_address>0x2a98</run_address>
         <size>0xe</size>
         <input_file_ref idref="fl-136"/>
      </object_component>
      <object_component id="oc-125">
         <name>.text:SSIDataGet</name>
         <load_address>0x2aa6</load_address>
         <run_address>0x2aa6</run_address>
         <size>0xc</size>
         <input_file_ref idref="fl-17c"/>
      </object_component>
      <object_component id="oc-113">
         <name>.text:SSIDataPut</name>
         <load_address>0x2ab2</load_address>
         <run_address>0x2ab2</run_address>
         <size>0xa</size>
         <input_file_ref idref="fl-17c"/>
      </object_component>
      <object_component id="oc-17b">
         <name>.text:SSIEnable</name>
         <load_address>0x2abc</load_address>
         <run_address>0x2abc</run_address>
         <size>0xa</size>
         <input_file_ref idref="fl-17c"/>
      </object_component>
      <object_component id="oc-119">
         <name>.text:SSIBusy</name>
         <load_address>0x2ac6</load_address>
         <run_address>0x2ac6</run_address>
         <size>0x8</size>
         <input_file_ref idref="fl-17c"/>
      </object_component>
      <object_component id="oc-182">
         <name>.text:GPIOPinWrite</name>
         <load_address>0x2ace</load_address>
         <run_address>0x2ace</run_address>
         <size>0x6</size>
         <input_file_ref idref="fl-17e"/>
      </object_component>
      <object_component id="oc-2d">
         <name>.text:ResetISR</name>
         <load_address>0x2ad4</load_address>
         <run_address>0x2ad4</run_address>
         <size>0x6</size>
         <input_file_ref idref="fl-c"/>
      </object_component>
      <object_component id="oc-eb">
         <name>.text:SysCtlDelay</name>
         <load_address>0x2ada</load_address>
         <run_address>0x2ada</run_address>
         <size>0x6</size>
         <input_file_ref idref="fl-17b"/>
      </object_component>
      <object_component id="oc-18">
         <name>.text:decompress:rle24</name>
         <load_address>0x2ae0</load_address>
         <run_address>0x2ae0</run_address>
         <size>0x6</size>
         <input_file_ref idref="fl-137"/>
      </object_component>
      <object_component id="oc-73">
         <name>.text</name>
         <load_address>0x2ae6</load_address>
         <run_address>0x2ae6</run_address>
         <size>0x4</size>
         <input_file_ref idref="fl-147"/>
      </object_component>
      <object_component id="oc-276">
         <name>.const:.string:_ctypes_</name>
         <load_address>0x2aec</load_address>
         <run_address>0x2aec</run_address>
         <size>0x101</size>
         <input_file_ref idref="fl-160"/>
      </object_component>
      <object_component id="oc-137">
         <name>.const:cc112x_regSettings</name>
         <load_address>0x2bee</load_address>
         <run_address>0x2bee</run_address>
         <size>0xb8</size>
         <input_file_ref idref="fl-7"/>
      </object_component>
      <object_component id="oc-1b3">
         <name>.const:g_pui32GPIOBaseAddrs</name>
         <load_address>0x2ca8</load_address>
         <run_address>0x2ca8</run_address>
         <size>0x90</size>
         <input_file_ref idref="fl-17e"/>
      </object_component>
      <object_component id="oc-151">
         <name>.const:g_pui32Xtals</name>
         <load_address>0x2d38</load_address>
         <run_address>0x2d38</run_address>
         <size>0x6c</size>
         <input_file_ref idref="fl-17b"/>
      </object_component>
      <object_component id="oc-314">
         <name>.cinit..data.load</name>
         <load_address>0x2da8</load_address>
         <run_address>0x2da8</run_address>
         <size>0x41</size>
      </object_component>
      <object_component id="oc-312">
         <name>__TI_handler_table</name>
         <load_address>0x2dec</load_address>
         <run_address>0x2dec</run_address>
         <size>0x8</size>
      </object_component>
      <object_component id="oc-313">
         <name>__TI_cinit_table</name>
         <load_address>0x2df4</load_address>
         <run_address>0x2df4</run_address>
         <size>0x8</size>
      </object_component>
      <object_component id="oc-2a">
         <name>.sysmem</name>
         <uninitialized>true</uninitialized>
         <run_address>0x20001000</run_address>
         <size>0x8</size>
         <input_file_ref idref="fl-144"/>
      </object_component>
      <object_component id="oc-316">
         <name>.sysmem</name>
         <uninitialized>true</uninitialized>
         <run_address>0x20001000</run_address>
         <size>0x0</size>
      </object_component>
      <object_component id="oc-29">
         <name>.stack</name>
         <uninitialized>true</uninitialized>
         <run_address>0x20000000</run_address>
         <size>0x0</size>
         <input_file_ref idref="fl-135"/>
      </object_component>
      <object_component id="oc-315">
         <name>.stack</name>
         <uninitialized>true</uninitialized>
         <run_address>0x20000000</run_address>
         <size>0x0</size>
      </object_component>
      <object_component id="oc-d1">
         <name>.data</name>
         <load_address>0x20002138</load_address>
         <run_address>0x20002138</run_address>
         <size>0x8</size>
         <input_file_ref idref="fl-13a"/>
      </object_component>
      <object_component id="oc-8b">
         <name>.data</name>
         <load_address>0x2000214c</load_address>
         <run_address>0x2000214c</run_address>
         <size>0x4</size>
         <input_file_ref idref="fl-14b"/>
      </object_component>
      <object_component id="oc-292">
         <name>.data</name>
         <load_address>0x200020b0</load_address>
         <run_address>0x200020b0</run_address>
         <size>0x80</size>
         <input_file_ref idref="fl-158"/>
      </object_component>
      <object_component id="oc-ce">
         <name>.data</name>
         <load_address>0x20002130</load_address>
         <run_address>0x20002130</run_address>
         <size>0x8</size>
         <input_file_ref idref="fl-15a"/>
      </object_component>
      <object_component id="oc-29d">
         <name>.data</name>
         <load_address>0x20002148</load_address>
         <run_address>0x20002148</run_address>
         <size>0x4</size>
         <input_file_ref idref="fl-161"/>
      </object_component>
      <object_component id="oc-2c1">
         <name>.data</name>
         <load_address>0x20002140</load_address>
         <run_address>0x20002140</run_address>
         <size>0x8</size>
         <input_file_ref idref="fl-165"/>
      </object_component>
      <object_component id="oc-2df">
         <name>.data:sigtable</name>
         <load_address>0x20002000</load_address>
         <run_address>0x20002000</run_address>
         <size>0xb0</size>
         <input_file_ref idref="fl-170"/>
      </object_component>
      <object_component id="oc-23f">
         <name>.debug_info</name>
         <load_address>0x0</load_address>
         <run_address>0x0</run_address>
         <size>0xfc</size>
         <input_file_ref idref="fl-2"/>
      </object_component>
      <object_component id="oc-a5">
         <name>.debug_info</name>
         <load_address>0xfc</load_address>
         <run_address>0xfc</run_address>
         <size>0x84</size>
         <input_file_ref idref="fl-2"/>
      </object_component>
      <object_component id="oc-9e">
         <name>.debug_info</name>
         <load_address>0x180</load_address>
         <run_address>0x180</run_address>
         <size>0x18b</size>
         <input_file_ref idref="fl-2"/>
      </object_component>
      <object_component id="oc-1a4">
         <name>.debug_info</name>
         <load_address>0x30b</load_address>
         <run_address>0x30b</run_address>
         <size>0x4e</size>
         <input_file_ref idref="fl-2"/>
      </object_component>
      <object_component id="oc-189">
         <name>.debug_info</name>
         <load_address>0x359</load_address>
         <run_address>0x359</run_address>
         <size>0x210</size>
         <input_file_ref idref="fl-3"/>
      </object_component>
      <object_component id="oc-1ce">
         <name>.debug_info</name>
         <load_address>0x569</load_address>
         <run_address>0x569</run_address>
         <size>0x138</size>
         <input_file_ref idref="fl-3"/>
      </object_component>
      <object_component id="oc-18d">
         <name>.debug_info</name>
         <load_address>0x6a1</load_address>
         <run_address>0x6a1</run_address>
         <size>0x220</size>
         <input_file_ref idref="fl-3"/>
      </object_component>
      <object_component id="oc-110">
         <name>.debug_info</name>
         <load_address>0x8c1</load_address>
         <run_address>0x8c1</run_address>
         <size>0x1e9</size>
         <input_file_ref idref="fl-3"/>
      </object_component>
      <object_component id="oc-12e">
         <name>.debug_info</name>
         <load_address>0xaaa</load_address>
         <run_address>0xaaa</run_address>
         <size>0x152</size>
         <input_file_ref idref="fl-3"/>
      </object_component>
      <object_component id="oc-10a">
         <name>.debug_info</name>
         <load_address>0xbfc</load_address>
         <run_address>0xbfc</run_address>
         <size>0x1aa</size>
         <input_file_ref idref="fl-3"/>
      </object_component>
      <object_component id="oc-ee">
         <name>.debug_info</name>
         <load_address>0xda6</load_address>
         <run_address>0xda6</run_address>
         <size>0x8b</size>
         <input_file_ref idref="fl-3"/>
      </object_component>
      <object_component id="oc-13b">
         <name>.debug_info</name>
         <load_address>0xe31</load_address>
         <run_address>0xe31</run_address>
         <size>0x4b7</size>
         <input_file_ref idref="fl-7"/>
      </object_component>
      <object_component id="oc-138">
         <name>.debug_info</name>
         <load_address>0x12e8</load_address>
         <run_address>0x12e8</run_address>
         <size>0xce</size>
         <input_file_ref idref="fl-7"/>
      </object_component>
      <object_component id="oc-102">
         <name>.debug_info</name>
         <load_address>0x13b6</load_address>
         <run_address>0x13b6</run_address>
         <size>0x243</size>
         <input_file_ref idref="fl-7"/>
      </object_component>
      <object_component id="oc-c7">
         <name>.debug_info</name>
         <load_address>0x15f9</load_address>
         <run_address>0x15f9</run_address>
         <size>0x33e</size>
         <input_file_ref idref="fl-7"/>
      </object_component>
      <object_component id="oc-46">
         <name>.debug_info</name>
         <load_address>0x1937</load_address>
         <run_address>0x1937</run_address>
         <size>0x12b</size>
         <input_file_ref idref="fl-7"/>
      </object_component>
      <object_component id="oc-b5">
         <name>.debug_info</name>
         <load_address>0x1a62</load_address>
         <run_address>0x1a62</run_address>
         <size>0x2c</size>
         <input_file_ref idref="fl-a"/>
      </object_component>
      <object_component id="oc-4d">
         <name>.debug_info</name>
         <load_address>0x1a8e</load_address>
         <run_address>0x1a8e</run_address>
         <size>0x13a</size>
         <input_file_ref idref="fl-c"/>
      </object_component>
      <object_component id="oc-10">
         <name>.debug_info</name>
         <load_address>0x1bc8</load_address>
         <run_address>0x1bc8</run_address>
         <size>0xc1</size>
         <input_file_ref idref="fl-c"/>
      </object_component>
      <object_component id="oc-2f">
         <name>.debug_info</name>
         <load_address>0x1c89</load_address>
         <run_address>0x1c89</run_address>
         <size>0xf1</size>
         <input_file_ref idref="fl-c"/>
      </object_component>
      <object_component id="oc-35">
         <name>.debug_info</name>
         <load_address>0x1d7a</load_address>
         <run_address>0x1d7a</run_address>
         <size>0xe2</size>
         <input_file_ref idref="fl-c"/>
      </object_component>
      <object_component id="oc-42">
         <name>.debug_info</name>
         <load_address>0x1e5c</load_address>
         <run_address>0x1e5c</run_address>
         <size>0x114</size>
         <input_file_ref idref="fl-c"/>
      </object_component>
      <object_component id="oc-3a">
         <name>.debug_info</name>
         <load_address>0x1f70</load_address>
         <run_address>0x1f70</run_address>
         <size>0xe8</size>
         <input_file_ref idref="fl-c"/>
      </object_component>
      <object_component id="oc-ed">
         <name>.debug_info</name>
         <load_address>0x2058</load_address>
         <run_address>0x2058</run_address>
         <size>0x115</size>
         <input_file_ref idref="fl-d"/>
      </object_component>
      <object_component id="oc-98">
         <name>.debug_info</name>
         <load_address>0x216d</load_address>
         <run_address>0x216d</run_address>
         <size>0x148</size>
         <input_file_ref idref="fl-d"/>
      </object_component>
      <object_component id="oc-26">
         <name>.debug_info</name>
         <load_address>0x22b5</load_address>
         <run_address>0x22b5</run_address>
         <size>0x134</size>
         <input_file_ref idref="fl-135"/>
      </object_component>
      <object_component id="oc-59">
         <name>.debug_info</name>
         <load_address>0x23e9</load_address>
         <run_address>0x23e9</run_address>
         <size>0x121</size>
         <input_file_ref idref="fl-136"/>
      </object_component>
      <object_component id="oc-14">
         <name>.debug_info</name>
         <load_address>0x250a</load_address>
         <run_address>0x250a</run_address>
         <size>0x1c0</size>
         <input_file_ref idref="fl-136"/>
      </object_component>
      <object_component id="oc-54">
         <name>.debug_info</name>
         <load_address>0x26ca</load_address>
         <run_address>0x26ca</run_address>
         <size>0x46</size>
         <input_file_ref idref="fl-136"/>
      </object_component>
      <object_component id="oc-ab">
         <name>.debug_info</name>
         <load_address>0x2710</load_address>
         <run_address>0x2710</run_address>
         <size>0x2c</size>
         <input_file_ref idref="fl-136"/>
      </object_component>
      <object_component id="oc-61">
         <name>.debug_info</name>
         <load_address>0x273c</load_address>
         <run_address>0x273c</run_address>
         <size>0x115</size>
         <input_file_ref idref="fl-137"/>
      </object_component>
      <object_component id="oc-5e">
         <name>.debug_info</name>
         <load_address>0x2851</load_address>
         <run_address>0x2851</run_address>
         <size>0x228</size>
         <input_file_ref idref="fl-137"/>
      </object_component>
      <object_component id="oc-1b">
         <name>.debug_info</name>
         <load_address>0x2a79</load_address>
         <run_address>0x2a79</run_address>
         <size>0x192</size>
         <input_file_ref idref="fl-137"/>
      </object_component>
      <object_component id="oc-62">
         <name>.debug_info</name>
         <load_address>0x2c0b</load_address>
         <run_address>0x2c0b</run_address>
         <size>0x39</size>
         <input_file_ref idref="fl-137"/>
      </object_component>
      <object_component id="oc-d5">
         <name>.debug_info</name>
         <load_address>0x2c44</load_address>
         <run_address>0x2c44</run_address>
         <size>0x172</size>
         <input_file_ref idref="fl-13a"/>
      </object_component>
      <object_component id="oc-d2">
         <name>.debug_info</name>
         <load_address>0x2db6</load_address>
         <run_address>0x2db6</run_address>
         <size>0x117</size>
         <input_file_ref idref="fl-13a"/>
      </object_component>
      <object_component id="oc-87">
         <name>.debug_info</name>
         <load_address>0x2ecd</load_address>
         <run_address>0x2ecd</run_address>
         <size>0x1ee</size>
         <input_file_ref idref="fl-13a"/>
      </object_component>
      <object_component id="oc-205">
         <name>.debug_info</name>
         <load_address>0x30bb</load_address>
         <run_address>0x30bb</run_address>
         <size>0x129</size>
         <input_file_ref idref="fl-13b"/>
      </object_component>
      <object_component id="oc-1f6">
         <name>.debug_info</name>
         <load_address>0x31e4</load_address>
         <run_address>0x31e4</run_address>
         <size>0x10b</size>
         <input_file_ref idref="fl-13c"/>
      </object_component>
      <object_component id="oc-1ff">
         <name>.debug_info</name>
         <load_address>0x32ef</load_address>
         <run_address>0x32ef</run_address>
         <size>0x109</size>
         <input_file_ref idref="fl-140"/>
      </object_component>
      <object_component id="oc-233">
         <name>.debug_info</name>
         <load_address>0x33f8</load_address>
         <run_address>0x33f8</run_address>
         <size>0x2c</size>
         <input_file_ref idref="fl-141"/>
      </object_component>
      <object_component id="oc-50">
         <name>.debug_info</name>
         <load_address>0x3424</load_address>
         <run_address>0x3424</run_address>
         <size>0xf6</size>
         <input_file_ref idref="fl-143"/>
      </object_component>
      <object_component id="oc-91">
         <name>.debug_info</name>
         <load_address>0x351a</load_address>
         <run_address>0x351a</run_address>
         <size>0x203</size>
         <input_file_ref idref="fl-144"/>
      </object_component>
      <object_component id="oc-2b">
         <name>.debug_info</name>
         <load_address>0x371d</load_address>
         <run_address>0x371d</run_address>
         <size>0xe2</size>
         <input_file_ref idref="fl-144"/>
      </object_component>
      <object_component id="oc-db">
         <name>.debug_info</name>
         <load_address>0x37ff</load_address>
         <run_address>0x37ff</run_address>
         <size>0x2c</size>
         <input_file_ref idref="fl-144"/>
      </object_component>
      <object_component id="oc-e0">
         <name>.debug_info</name>
         <load_address>0x382b</load_address>
         <run_address>0x382b</run_address>
         <size>0x62</size>
         <input_file_ref idref="fl-144"/>
      </object_component>
      <object_component id="oc-68">
         <name>.debug_info</name>
         <load_address>0x388d</load_address>
         <run_address>0x388d</run_address>
         <size>0x124</size>
         <input_file_ref idref="fl-145"/>
      </object_component>
      <object_component id="oc-2cb">
         <name>.debug_info</name>
         <load_address>0x39b1</load_address>
         <run_address>0x39b1</run_address>
         <size>0x1d3</size>
         <input_file_ref idref="fl-146"/>
      </object_component>
      <object_component id="oc-2b4">
         <name>.debug_info</name>
         <load_address>0x3b84</load_address>
         <run_address>0x3b84</run_address>
         <size>0x86</size>
         <input_file_ref idref="fl-146"/>
      </object_component>
      <object_component id="oc-76">
         <name>.debug_info</name>
         <load_address>0x3c0a</load_address>
         <run_address>0x3c0a</run_address>
         <size>0x129</size>
         <input_file_ref idref="fl-147"/>
      </object_component>
      <object_component id="oc-1a3">
         <name>.debug_info</name>
         <load_address>0x3d33</load_address>
         <run_address>0x3d33</run_address>
         <size>0x19c</size>
         <input_file_ref idref="fl-149"/>
      </object_component>
      <object_component id="oc-132">
         <name>.debug_info</name>
         <load_address>0x3ecf</load_address>
         <run_address>0x3ecf</run_address>
         <size>0x2c5</size>
         <input_file_ref idref="fl-149"/>
      </object_component>
      <object_component id="oc-8c">
         <name>.debug_info</name>
         <load_address>0x4194</load_address>
         <run_address>0x4194</run_address>
         <size>0xea</size>
         <input_file_ref idref="fl-14b"/>
      </object_component>
      <object_component id="oc-271">
         <name>.debug_info</name>
         <load_address>0x427e</load_address>
         <run_address>0x427e</run_address>
         <size>0xd6</size>
         <input_file_ref idref="fl-14c"/>
      </object_component>
      <object_component id="oc-217">
         <name>.debug_info</name>
         <load_address>0x4354</load_address>
         <run_address>0x4354</run_address>
         <size>0x211</size>
         <input_file_ref idref="fl-14c"/>
      </object_component>
      <object_component id="oc-250">
         <name>.debug_info</name>
         <load_address>0x4565</load_address>
         <run_address>0x4565</run_address>
         <size>0xcb</size>
         <input_file_ref idref="fl-14e"/>
      </object_component>
      <object_component id="oc-1da">
         <name>.debug_info</name>
         <load_address>0x4630</load_address>
         <run_address>0x4630</run_address>
         <size>0x1f7</size>
         <input_file_ref idref="fl-14e"/>
      </object_component>
      <object_component id="oc-296">
         <name>.debug_info</name>
         <load_address>0x4827</load_address>
         <run_address>0x4827</run_address>
         <size>0x111</size>
         <input_file_ref idref="fl-154"/>
      </object_component>
      <object_component id="oc-264">
         <name>.debug_info</name>
         <load_address>0x4938</load_address>
         <run_address>0x4938</run_address>
         <size>0x192</size>
         <input_file_ref idref="fl-154"/>
      </object_component>
      <object_component id="oc-28f">
         <name>.debug_info</name>
         <load_address>0x4aca</load_address>
         <run_address>0x4aca</run_address>
         <size>0xfb</size>
         <input_file_ref idref="fl-155"/>
      </object_component>
      <object_component id="oc-25c">
         <name>.debug_info</name>
         <load_address>0x4bc5</load_address>
         <run_address>0x4bc5</run_address>
         <size>0x173</size>
         <input_file_ref idref="fl-155"/>
      </object_component>
      <object_component id="oc-26b">
         <name>.debug_info</name>
         <load_address>0x4d38</load_address>
         <run_address>0x4d38</run_address>
         <size>0x153</size>
         <input_file_ref idref="fl-157"/>
      </object_component>
      <object_component id="oc-293">
         <name>.debug_info</name>
         <load_address>0x4e8b</load_address>
         <run_address>0x4e8b</run_address>
         <size>0x1b5</size>
         <input_file_ref idref="fl-158"/>
      </object_component>
      <object_component id="oc-14b">
         <name>.debug_info</name>
         <load_address>0x5040</load_address>
         <run_address>0x5040</run_address>
         <size>0x105</size>
         <input_file_ref idref="fl-15a"/>
      </object_component>
      <object_component id="oc-cf">
         <name>.debug_info</name>
         <load_address>0x5145</load_address>
         <run_address>0x5145</run_address>
         <size>0xf4</size>
         <input_file_ref idref="fl-15a"/>
      </object_component>
      <object_component id="oc-145">
         <name>.debug_info</name>
         <load_address>0x5239</load_address>
         <run_address>0x5239</run_address>
         <size>0x200</size>
         <input_file_ref idref="fl-15a"/>
      </object_component>
      <object_component id="oc-22d">
         <name>.debug_info</name>
         <load_address>0x5439</load_address>
         <run_address>0x5439</run_address>
         <size>0x338</size>
         <input_file_ref idref="fl-15b"/>
      </object_component>
      <object_component id="oc-19d">
         <name>.debug_info</name>
         <load_address>0x5771</load_address>
         <run_address>0x5771</run_address>
         <size>0x17ea</size>
         <input_file_ref idref="fl-15b"/>
      </object_component>
      <object_component id="oc-22e">
         <name>.debug_info</name>
         <load_address>0x6f5b</load_address>
         <run_address>0x6f5b</run_address>
         <size>0x86</size>
         <input_file_ref idref="fl-15b"/>
      </object_component>
      <object_component id="oc-27d">
         <name>.debug_info</name>
         <load_address>0x6fe1</load_address>
         <run_address>0x6fe1</run_address>
         <size>0x46</size>
         <input_file_ref idref="fl-15b"/>
      </object_component>
      <object_component id="oc-238">
         <name>.debug_info</name>
         <load_address>0x7027</load_address>
         <run_address>0x7027</run_address>
         <size>0x39</size>
         <input_file_ref idref="fl-15b"/>
      </object_component>
      <object_component id="oc-cd">
         <name>.debug_info</name>
         <load_address>0x7060</load_address>
         <run_address>0x7060</run_address>
         <size>0x147</size>
         <input_file_ref idref="fl-15c"/>
      </object_component>
      <object_component id="oc-83">
         <name>.debug_info</name>
         <load_address>0x71a7</load_address>
         <run_address>0x71a7</run_address>
         <size>0x148</size>
         <input_file_ref idref="fl-15c"/>
      </object_component>
      <object_component id="oc-13e">
         <name>.debug_info</name>
         <load_address>0x72ef</load_address>
         <run_address>0x72ef</run_address>
         <size>0x5e</size>
         <input_file_ref idref="fl-15c"/>
      </object_component>
      <object_component id="oc-27a">
         <name>.debug_info</name>
         <load_address>0x734d</load_address>
         <run_address>0x734d</run_address>
         <size>0xf5</size>
         <input_file_ref idref="fl-15d"/>
      </object_component>
      <object_component id="oc-229">
         <name>.debug_info</name>
         <load_address>0x7442</load_address>
         <run_address>0x7442</run_address>
         <size>0x152</size>
         <input_file_ref idref="fl-15d"/>
      </object_component>
      <object_component id="oc-c5">
         <name>.debug_info</name>
         <load_address>0x7594</load_address>
         <run_address>0x7594</run_address>
         <size>0x29e</size>
         <input_file_ref idref="fl-15e"/>
      </object_component>
      <object_component id="oc-7c">
         <name>.debug_info</name>
         <load_address>0x7832</load_address>
         <run_address>0x7832</run_address>
         <size>0x158</size>
         <input_file_ref idref="fl-15e"/>
      </object_component>
      <object_component id="oc-f7">
         <name>.debug_info</name>
         <load_address>0x798a</load_address>
         <run_address>0x798a</run_address>
         <size>0x39</size>
         <input_file_ref idref="fl-15e"/>
      </object_component>
      <object_component id="oc-fc">
         <name>.debug_info</name>
         <load_address>0x79c3</load_address>
         <run_address>0x79c3</run_address>
         <size>0xcd</size>
         <input_file_ref idref="fl-15e"/>
      </object_component>
      <object_component id="oc-f4">
         <name>.debug_info</name>
         <load_address>0x7a90</load_address>
         <run_address>0x7a90</run_address>
         <size>0x1c1</size>
         <input_file_ref idref="fl-15f"/>
      </object_component>
      <object_component id="oc-bf">
         <name>.debug_info</name>
         <load_address>0x7c51</load_address>
         <run_address>0x7c51</run_address>
         <size>0x164</size>
         <input_file_ref idref="fl-15f"/>
      </object_component>
      <object_component id="oc-15e">
         <name>.debug_info</name>
         <load_address>0x7db5</load_address>
         <run_address>0x7db5</run_address>
         <size>0x2c</size>
         <input_file_ref idref="fl-15f"/>
      </object_component>
      <object_component id="oc-2ab">
         <name>.debug_info</name>
         <load_address>0x7de1</load_address>
         <run_address>0x7de1</run_address>
         <size>0xcf</size>
         <input_file_ref idref="fl-160"/>
      </object_component>
      <object_component id="oc-277">
         <name>.debug_info</name>
         <load_address>0x7eb0</load_address>
         <run_address>0x7eb0</run_address>
         <size>0xdb</size>
         <input_file_ref idref="fl-160"/>
      </object_component>
      <object_component id="oc-29e">
         <name>.debug_info</name>
         <load_address>0x7f8b</load_address>
         <run_address>0x7f8b</run_address>
         <size>0xd6</size>
         <input_file_ref idref="fl-161"/>
      </object_component>
      <object_component id="oc-1e1">
         <name>.debug_info</name>
         <load_address>0x8061</load_address>
         <run_address>0x8061</run_address>
         <size>0x105</size>
         <input_file_ref idref="fl-162"/>
      </object_component>
      <object_component id="oc-1ef">
         <name>.debug_info</name>
         <load_address>0x8166</load_address>
         <run_address>0x8166</run_address>
         <size>0x107</size>
         <input_file_ref idref="fl-162"/>
      </object_component>
      <object_component id="oc-1ea">
         <name>.debug_info</name>
         <load_address>0x826d</load_address>
         <run_address>0x826d</run_address>
         <size>0x117</size>
         <input_file_ref idref="fl-163"/>
      </object_component>
      <object_component id="oc-1e6">
         <name>.debug_info</name>
         <load_address>0x8384</load_address>
         <run_address>0x8384</run_address>
         <size>0x117</size>
         <input_file_ref idref="fl-164"/>
      </object_component>
      <object_component id="oc-2db">
         <name>.debug_info</name>
         <load_address>0x849b</load_address>
         <run_address>0x849b</run_address>
         <size>0x13e</size>
         <input_file_ref idref="fl-165"/>
      </object_component>
      <object_component id="oc-2c2">
         <name>.debug_info</name>
         <load_address>0x85d9</load_address>
         <run_address>0x85d9</run_address>
         <size>0x10e</size>
         <input_file_ref idref="fl-165"/>
      </object_component>
      <object_component id="oc-29b">
         <name>.debug_info</name>
         <load_address>0x86e7</load_address>
         <run_address>0x86e7</run_address>
         <size>0x16f</size>
         <input_file_ref idref="fl-165"/>
      </object_component>
      <object_component id="oc-2d6">
         <name>.debug_info</name>
         <load_address>0x8856</load_address>
         <run_address>0x8856</run_address>
         <size>0x6f</size>
         <input_file_ref idref="fl-165"/>
      </object_component>
      <object_component id="oc-261">
         <name>.debug_info</name>
         <load_address>0x88c5</load_address>
         <run_address>0x88c5</run_address>
         <size>0xfe</size>
         <input_file_ref idref="fl-167"/>
      </object_component>
      <object_component id="oc-20b">
         <name>.debug_info</name>
         <load_address>0x89c3</load_address>
         <run_address>0x89c3</run_address>
         <size>0x16e</size>
         <input_file_ref idref="fl-167"/>
      </object_component>
      <object_component id="oc-26f">
         <name>.debug_info</name>
         <load_address>0x8b31</load_address>
         <run_address>0x8b31</run_address>
         <size>0x142</size>
         <input_file_ref idref="fl-16a"/>
      </object_component>
      <object_component id="oc-20f">
         <name>.debug_info</name>
         <load_address>0x8c73</load_address>
         <run_address>0x8c73</run_address>
         <size>0x165</size>
         <input_file_ref idref="fl-16a"/>
      </object_component>
      <object_component id="oc-257">
         <name>.debug_info</name>
         <load_address>0x8dd8</load_address>
         <run_address>0x8dd8</run_address>
         <size>0x12d</size>
         <input_file_ref idref="fl-16c"/>
      </object_component>
      <object_component id="oc-1fa">
         <name>.debug_info</name>
         <load_address>0x8f05</load_address>
         <run_address>0x8f05</run_address>
         <size>0x1a3</size>
         <input_file_ref idref="fl-16c"/>
      </object_component>
      <object_component id="oc-275">
         <name>.debug_info</name>
         <load_address>0x90a8</load_address>
         <run_address>0x90a8</run_address>
         <size>0xd2</size>
         <input_file_ref idref="fl-16d"/>
      </object_component>
      <object_component id="oc-221">
         <name>.debug_info</name>
         <load_address>0x917a</load_address>
         <run_address>0x917a</run_address>
         <size>0x18c</size>
         <input_file_ref idref="fl-16d"/>
      </object_component>
      <object_component id="oc-2d3">
         <name>.debug_info</name>
         <load_address>0x9306</load_address>
         <run_address>0x9306</run_address>
         <size>0xfd</size>
         <input_file_ref idref="fl-16e"/>
      </object_component>
      <object_component id="oc-2be">
         <name>.debug_info</name>
         <load_address>0x9403</load_address>
         <run_address>0x9403</run_address>
         <size>0x154</size>
         <input_file_ref idref="fl-16e"/>
      </object_component>
      <object_component id="oc-2e6">
         <name>.debug_info</name>
         <load_address>0x9557</load_address>
         <run_address>0x9557</run_address>
         <size>0x2c</size>
         <input_file_ref idref="fl-16e"/>
      </object_component>
      <object_component id="oc-2e3">
         <name>.debug_info</name>
         <load_address>0x9583</load_address>
         <run_address>0x9583</run_address>
         <size>0x11d</size>
         <input_file_ref idref="fl-170"/>
      </object_component>
      <object_component id="oc-2e0">
         <name>.debug_info</name>
         <load_address>0x96a0</load_address>
         <run_address>0x96a0</run_address>
         <size>0xdb</size>
         <input_file_ref idref="fl-170"/>
      </object_component>
      <object_component id="oc-2cd">
         <name>.debug_info</name>
         <load_address>0x977b</load_address>
         <run_address>0x977b</run_address>
         <size>0x16a</size>
         <input_file_ref idref="fl-170"/>
      </object_component>
      <object_component id="oc-1d5">
         <name>.debug_info</name>
         <load_address>0x98e5</load_address>
         <run_address>0x98e5</run_address>
         <size>0x162</size>
         <input_file_ref idref="fl-172"/>
      </object_component>
      <object_component id="oc-273">
         <name>.debug_info</name>
         <load_address>0x9a47</load_address>
         <run_address>0x9a47</run_address>
         <size>0xf3</size>
         <input_file_ref idref="fl-173"/>
      </object_component>
      <object_component id="oc-21b">
         <name>.debug_info</name>
         <load_address>0x9b3a</load_address>
         <run_address>0x9b3a</run_address>
         <size>0x13a</size>
         <input_file_ref idref="fl-173"/>
      </object_component>
      <object_component id="oc-2af">
         <name>.debug_info</name>
         <load_address>0x9c74</load_address>
         <run_address>0x9c74</run_address>
         <size>0xc6</size>
         <input_file_ref idref="fl-174"/>
      </object_component>
      <object_component id="oc-289">
         <name>.debug_info</name>
         <load_address>0x9d3a</load_address>
         <run_address>0x9d3a</run_address>
         <size>0x14d</size>
         <input_file_ref idref="fl-174"/>
      </object_component>
      <object_component id="oc-1b2">
         <name>.debug_info</name>
         <load_address>0x9e87</load_address>
         <run_address>0x9e87</run_address>
         <size>0x226</size>
         <input_file_ref idref="fl-17b"/>
      </object_component>
      <object_component id="oc-152">
         <name>.debug_info</name>
         <load_address>0xa0ad</load_address>
         <run_address>0xa0ad</run_address>
         <size>0xff</size>
         <input_file_ref idref="fl-17b"/>
      </object_component>
      <object_component id="oc-16a">
         <name>.debug_info</name>
         <load_address>0xa1ac</load_address>
         <run_address>0xa1ac</run_address>
         <size>0x1e1</size>
         <input_file_ref idref="fl-17b"/>
      </object_component>
      <object_component id="oc-e6">
         <name>.debug_info</name>
         <load_address>0xa38d</load_address>
         <run_address>0xa38d</run_address>
         <size>0x219</size>
         <input_file_ref idref="fl-17b"/>
      </object_component>
      <object_component id="oc-242">
         <name>.debug_info</name>
         <load_address>0xa5a6</load_address>
         <run_address>0xa5a6</run_address>
         <size>0x5f</size>
         <input_file_ref idref="fl-17b"/>
      </object_component>
      <object_component id="oc-194">
         <name>.debug_info</name>
         <load_address>0xa605</load_address>
         <run_address>0xa605</run_address>
         <size>0x90</size>
         <input_file_ref idref="fl-17b"/>
      </object_component>
      <object_component id="oc-155">
         <name>.debug_info</name>
         <load_address>0xa695</load_address>
         <run_address>0xa695</run_address>
         <size>0x18b</size>
         <input_file_ref idref="fl-17b"/>
      </object_component>
      <object_component id="oc-192">
         <name>.debug_info</name>
         <load_address>0xa820</load_address>
         <run_address>0xa820</run_address>
         <size>0x1c3</size>
         <input_file_ref idref="fl-17c"/>
      </object_component>
      <object_component id="oc-17f">
         <name>.debug_info</name>
         <load_address>0xa9e3</load_address>
         <run_address>0xa9e3</run_address>
         <size>0x1a6</size>
         <input_file_ref idref="fl-17c"/>
      </object_component>
      <object_component id="oc-117">
         <name>.debug_info</name>
         <load_address>0xab89</load_address>
         <run_address>0xab89</run_address>
         <size>0x25f</size>
         <input_file_ref idref="fl-17c"/>
      </object_component>
      <object_component id="oc-123">
         <name>.debug_info</name>
         <load_address>0xade8</load_address>
         <run_address>0xade8</run_address>
         <size>0x1fe</size>
         <input_file_ref idref="fl-17c"/>
      </object_component>
      <object_component id="oc-129">
         <name>.debug_info</name>
         <load_address>0xafe6</load_address>
         <run_address>0xafe6</run_address>
         <size>0x263</size>
         <input_file_ref idref="fl-17c"/>
      </object_component>
      <object_component id="oc-179">
         <name>.debug_info</name>
         <load_address>0xb249</load_address>
         <run_address>0xb249</run_address>
         <size>0x3c2</size>
         <input_file_ref idref="fl-17c"/>
      </object_component>
      <object_component id="oc-11d">
         <name>.debug_info</name>
         <load_address>0xb60b</load_address>
         <run_address>0xb60b</run_address>
         <size>0x1a6</size>
         <input_file_ref idref="fl-17c"/>
      </object_component>
      <object_component id="oc-1b7">
         <name>.debug_info</name>
         <load_address>0xb7b1</load_address>
         <run_address>0xb7b1</run_address>
         <size>0x1d7</size>
         <input_file_ref idref="fl-17e"/>
      </object_component>
      <object_component id="oc-1b4">
         <name>.debug_info</name>
         <load_address>0xb988</load_address>
         <run_address>0xb988</run_address>
         <size>0x10d</size>
         <input_file_ref idref="fl-17e"/>
      </object_component>
      <object_component id="oc-183">
         <name>.debug_info</name>
         <load_address>0xba95</load_address>
         <run_address>0xba95</run_address>
         <size>0x207</size>
         <input_file_ref idref="fl-17e"/>
      </object_component>
      <object_component id="oc-1ba">
         <name>.debug_info</name>
         <load_address>0xbc9c</load_address>
         <run_address>0xbc9c</run_address>
         <size>0x217</size>
         <input_file_ref idref="fl-17e"/>
      </object_component>
      <object_component id="oc-1c0">
         <name>.debug_info</name>
         <load_address>0xbeb3</load_address>
         <run_address>0xbeb3</run_address>
         <size>0x312</size>
         <input_file_ref idref="fl-17e"/>
      </object_component>
      <object_component id="oc-170">
         <name>.debug_info</name>
         <load_address>0xc1c5</load_address>
         <run_address>0xc1c5</run_address>
         <size>0x1dd</size>
         <input_file_ref idref="fl-17e"/>
      </object_component>
      <object_component id="oc-164">
         <name>.debug_info</name>
         <load_address>0xc3a2</load_address>
         <run_address>0xc3a2</run_address>
         <size>0x1e4</size>
         <input_file_ref idref="fl-17e"/>
      </object_component>
      <object_component id="oc-317">
         <name>.debug_info</name>
         <load_address>0xc586</load_address>
         <run_address>0xc586</run_address>
         <size>0x88</size>
      </object_component>
      <object_component id="oc-283">
         <name>.debug_line</name>
         <load_address>0x0</load_address>
         <run_address>0x0</run_address>
         <size>0x20</size>
         <input_file_ref idref="fl-2"/>
      </object_component>
      <object_component id="oc-a8">
         <name>.debug_line</name>
         <load_address>0x20</load_address>
         <run_address>0x20</run_address>
         <size>0x20</size>
         <input_file_ref idref="fl-2"/>
      </object_component>
      <object_component id="oc-a1">
         <name>.debug_line</name>
         <load_address>0x40</load_address>
         <run_address>0x40</run_address>
         <size>0x60</size>
         <input_file_ref idref="fl-2"/>
      </object_component>
      <object_component id="oc-1a7">
         <name>.debug_line</name>
         <load_address>0xa0</load_address>
         <run_address>0xa0</run_address>
         <size>0x60</size>
         <input_file_ref idref="fl-2"/>
      </object_component>
      <object_component id="oc-1ca">
         <name>.debug_line</name>
         <load_address>0x100</load_address>
         <run_address>0x100</run_address>
         <size>0xdc</size>
         <input_file_ref idref="fl-3"/>
      </object_component>
      <object_component id="oc-1cd">
         <name>.debug_line</name>
         <load_address>0x1dc</load_address>
         <run_address>0x1dc</run_address>
         <size>0x43</size>
         <input_file_ref idref="fl-3"/>
      </object_component>
      <object_component id="oc-18b">
         <name>.debug_line</name>
         <load_address>0x21f</load_address>
         <run_address>0x21f</run_address>
         <size>0x5a</size>
         <input_file_ref idref="fl-3"/>
      </object_component>
      <object_component id="oc-10f">
         <name>.debug_line</name>
         <load_address>0x279</load_address>
         <run_address>0x279</run_address>
         <size>0x54</size>
         <input_file_ref idref="fl-3"/>
      </object_component>
      <object_component id="oc-12d">
         <name>.debug_line</name>
         <load_address>0x2cd</load_address>
         <run_address>0x2cd</run_address>
         <size>0x62</size>
         <input_file_ref idref="fl-3"/>
      </object_component>
      <object_component id="oc-108">
         <name>.debug_line</name>
         <load_address>0x32f</load_address>
         <run_address>0x32f</run_address>
         <size>0x4d</size>
         <input_file_ref idref="fl-3"/>
      </object_component>
      <object_component id="oc-f1">
         <name>.debug_line</name>
         <load_address>0x37c</load_address>
         <run_address>0x37c</run_address>
         <size>0x20</size>
         <input_file_ref idref="fl-3"/>
      </object_component>
      <object_component id="oc-1ac">
         <name>.debug_line</name>
         <load_address>0x39c</load_address>
         <run_address>0x39c</run_address>
         <size>0x12a</size>
         <input_file_ref idref="fl-7"/>
      </object_component>
      <object_component id="oc-1aa">
         <name>.debug_line</name>
         <load_address>0x4c6</load_address>
         <run_address>0x4c6</run_address>
         <size>0x33</size>
         <input_file_ref idref="fl-7"/>
      </object_component>
      <object_component id="oc-106">
         <name>.debug_line</name>
         <load_address>0x4f9</load_address>
         <run_address>0x4f9</run_address>
         <size>0x62</size>
         <input_file_ref idref="fl-7"/>
      </object_component>
      <object_component id="oc-cb">
         <name>.debug_line</name>
         <load_address>0x55b</load_address>
         <run_address>0x55b</run_address>
         <size>0xb5</size>
         <input_file_ref idref="fl-7"/>
      </object_component>
      <object_component id="oc-4a">
         <name>.debug_line</name>
         <load_address>0x610</load_address>
         <run_address>0x610</run_address>
         <size>0x4c</size>
[...]
         <origin>0x0</origin>
         <length>0x40000</length>
         <used_space>0x2df6</used_space>
         <unused_space>0x3d20a</unused_space>
         <attributes>RX</attributes>
         <usage_details>
            <allocated_space>
               <start_address>0x0</start_address>
               <size>0x26c</size>
               <logical_group_ref idref="lg-3"/>
            </allocated_space>
            <allocated_space>
               <start_address>0x26c</start_address>
               <size>0x287e</size>
               <logical_group_ref idref="lg-4"/>
            </allocated_space>
            <available_space>
               <start_address>0x2aea</start_address>
               <size>0x2</size>
            </available_space>
            <allocated_space>
               <start_address>0x2aec</start_address>
               <size>0x2b8</size>
               <logical_group_ref idref="lg-5"/>
            </allocated_space>
            <available_space>
               <start_address>0x2da4</start_address>
               <size>0x4</size>
            </available_space>
            <allocated_space>
               <start_address>0x2da8</start_address>
               <size>0x54</size>
               <logical_group_ref idref="lg-6"/>
            </allocated_space>
            <available_space>
               <start_address>0x2dfc</start_address>
               <size>0x3d204</size>
            </available_space>
         </usage_details>
      </memory_area>
      <memory_area display="yes" color="green">
         <name>SRAM</name>
         <page_id>0x0</page_id>
         <origin>0x20000000</origin>
         <length>0x8000</length>
         <used_space>0x2150</used_space>
         <unused_space>0x5eb0</unused_space>
         <attributes>RWX</attributes>
         <usage_details>
            <allocated_space>
               <start_address>0x20000000</start_address>
               <size>0x1000</size>
               <logical_group_ref idref="lg-d"/>
            </allocated_space>
            <allocated_space>
               <start_address>0x20001000</start_address>
               <size>0x1000</size>
               <logical_group_ref idref="lg-c"/>
            </allocated_space>
            <allocated_space>
               <start_address>0x20002000</start_address>
               <size>0x150</size>
               <logical_group_ref idref="lg-2f3"/>
            </allocated_space>
            <available_space>
               <start_address>0x20002150</start_address>
               <size>0x5eb0</size>
            </available_space>
         </usage_details>
      </memory_area>
   </placement_map>
   <cptbl_list>
      <cptbl>
         <name>__TI_cinit_table</name>
         <cprec>
            <name>.data</name>
            <load_address>0x2da8</load_address>
            <load_size>0x41</load_size>
            <run_address>0x20002000</run_address>
            <run_size>0x150</run_size>
            <compression>rle</compression>
         </cprec>
      </cptbl>
   </cptbl_list>
   <handler_table>
      <handler_table_name>__TI_handler_table</handler_table_name>
      <handler>
         <index>0x0</index>
         <name>__TI_decompress_rle24</name>
      </handler>
      <handler>
         <index>0x1</index>
         <name>__TI_decompress_none</name>
      </handler>
   </handler_table>
   <symbol_table>
      <symbol id="sm-1">
         <name>__STACK_TOP</name>
         <value>0x20000100</value>
      </symbol>
      <symbol id="sm-2">
         <name>__TI_CINIT_Base</name>
         <value>0x2df4</value>
      </symbol>
      <symbol id="sm-3">
         <name>__TI_CINIT_Limit</name>
         <value>0x2dfc</value>
      </symbol>
      <symbol id="sm-4">
         <name>__TI_Handler_Table_Base</name>
         <value>0x2dec</value>
      </symbol>
      <symbol id="sm-5">
         <name>__TI_Handler_Table_Limit</name>
         <value>0x2df4</value>
      </symbol>
      <symbol id="sm-6">
         <name>binit</name>
         <value>0xffffffff</value>
      </symbol>
      <symbol id="sm-7">
         <name>__binit__</name>
         <value>0xffffffff</value>
      </symbol>
      <symbol id="sm-8">
         <name>__STACK_SIZE</name>
         <value>0x1000</value>
      </symbol>
      <symbol id="sm-9">
         <name>__STACK_END</name>
         <value>0x20001000</value>
      </symbol>
      <symbol id="sm-a">
         <name>__SYSMEM_SIZE</name>
         <value>0x1000</value>
      </symbol>
      <symbol id="sm-b">
         <name>__c_args__</name>
         <value>0xffffffff</value>
      </symbol>
      <symbol id="sm-86">
         <name>cc112x_print_status_byte</name>
         <value>0x1ec9</value>
         <object_component_ref idref="oc-12b"/>
      </symbol>
      <symbol id="sm-87">
         <name>cc112x_write_regs</name>
         <value>0x2575</value>
         <object_component_ref idref="oc-10d"/>
      </symbol>
      <symbol id="sm-88">
         <name>cc112x_wait_until_ready</name>
         <value>0x2a37</value>
         <object_component_ref idref="oc-1cb"/>
      </symbol>
      <symbol id="sm-89">
         <name>cc112x_manualReset</name>
         <value>0x27ed</value>
         <object_component_ref idref="oc-107"/>
      </symbol>
      <symbol id="sm-ca">
         <name>cc112x_regSettings</name>
         <value>0x2bee</value>
         <object_component_ref idref="oc-137"/>
      </symbol>
      <symbol id="sm-cb">
         <name>UARTIntHandler</name>
         <value>0x29c5</value>
         <object_component_ref idref="oc-45"/>
      </symbol>
      <symbol id="sm-cc">
         <name>main</name>
         <value>0x16d1</value>
         <object_component_ref idref="oc-c6"/>
      </symbol>
      <symbol id="sm-cd">
         <name>setup</name>
         <value>0x1cc1</value>
         <object_component_ref idref="oc-101"/>
      </symbol>
      <symbol id="sm-109">
         <name>ResetISR</name>
         <value>0x2ad5</value>
         <object_component_ref idref="oc-2d"/>
      </symbol>
      <symbol id="sm-10a">
         <name>g_pfnVectors</name>
         <value>0x0</value>
         <object_component_ref idref="oc-f"/>
      </symbol>
      <symbol id="sm-11d">
         <name>UART_TX_string</name>
         <value>0x27b1</value>
         <object_component_ref idref="oc-96"/>
      </symbol>
      <symbol id="sm-130">
         <name>_c_int00</name>
         <value>0x2525</value>
         <object_component_ref idref="oc-24"/>
      </symbol>
      <symbol id="sm-131">
         <name>__stack</name>
         <value>0x20000000</value>
         <object_component_ref idref="oc-29"/>
      </symbol>
      <symbol id="sm-148">
         <name>__TI_decompress_none</name>
         <value>0x2a99</value>
         <object_component_ref idref="oc-12"/>
      </symbol>
      <symbol id="sm-16b">
         <name>__TI_decompress_rle24</name>
         <value>0x2ae1</value>
         <object_component_ref idref="oc-18"/>
      </symbol>
      <symbol id="sm-18c">
         <name>C$$EXIT</name>
         <value>0x26e9</value>
         <object_component_ref idref="oc-85"/>
      </symbol>
      <symbol id="sm-18d">
         <name>abort</name>
         <value>0x26ed</value>
         <object_component_ref idref="oc-85"/>
      </symbol>
      <symbol id="sm-18e">
         <name>exit</name>
         <value>0x26f5</value>
         <object_component_ref idref="oc-85"/>
      </symbol>
      <symbol id="sm-18f">
         <name>__TI_dtors_ptr</name>
         <value>0x2000213c</value>
         <object_component_ref idref="oc-d1"/>
      </symbol>
      <symbol id="sm-190">
         <name>__TI_cleanup_ptr</name>
         <value>0x20002138</value>
         <object_component_ref idref="oc-d1"/>
      </symbol>
      <symbol id="sm-1b4">
         <name>__aeabi_dsub</name>
         <value>0x151b</value>
         <object_component_ref idref="oc-203"/>
      </symbol>
      <symbol id="sm-1b5">
         <name>__aeabi_dadd</name>
         <value>0x1525</value>
         <object_component_ref idref="oc-203"/>
      </symbol>
      <symbol id="sm-1c3">
         <name>__aeabi_d2iz</name>
         <value>0x26a1</value>
         <object_component_ref idref="oc-1f3"/>
      </symbol>
      <symbol id="sm-1d5">
         <name>__aeabi_i2d</name>
         <value>0x28ed</value>
         <object_component_ref idref="oc-1fe"/>
      </symbol>
      <symbol id="sm-1fb">
         <name>memcpy</name>
         <value>0x206d</value>
         <object_component_ref idref="oc-4e"/>
      </symbol>
      <symbol id="sm-1fc">
         <name>__aeabi_memcpy</name>
         <value>0x206d</value>
         <object_component_ref idref="oc-4e"/>
      </symbol>
      <symbol id="sm-1fd">
         <name>__aeabi_memcpy8</name>
         <value>0x206d</value>
         <object_component_ref idref="oc-4e"/>
      </symbol>
      <symbol id="sm-1fe">
         <name>__aeabi_memcpy4</name>
         <value>0x206d</value>
         <object_component_ref idref="oc-4e"/>
      </symbol>
      <symbol id="sm-216">
         <name>_sys_memory</name>
         <value>0x20001000</value>
         <object_component_ref idref="oc-2a"/>
      </symbol>
      <symbol id="sm-225">
         <name>__aeabi_memset</name>
         <value>0x2217</value>
         <object_component_ref idref="oc-67"/>
      </symbol>
      <symbol id="sm-226">
         <name>memset</name>
         <value>0x221d</value>
         <object_component_ref idref="oc-67"/>
      </symbol>
      <symbol id="sm-227">
         <name>__aeabi_memset8</name>
         <value>0x2217</value>
         <object_component_ref idref="oc-67"/>
      </symbol>
      <symbol id="sm-228">
         <name>__aeabi_memset4</name>
         <value>0x2217</value>
         <object_component_ref idref="oc-67"/>
      </symbol>
      <symbol id="sm-229">
         <name>__aeabi_memclr8</name>
         <value>0x2215</value>
         <object_component_ref idref="oc-67"/>
      </symbol>
      <symbol id="sm-22a">
         <name>__aeabi_memclr4</name>
         <value>0x2215</value>
         <object_component_ref idref="oc-67"/>
      </symbol>
      <symbol id="sm-22b">
         <name>__aeabi_memclr</name>
         <value>0x2215</value>
         <object_component_ref idref="oc-67"/>
      </symbol>
      <symbol id="sm-23e">
         <name>_system_pre_init</name>
         <value>0x2ae7</value>
         <object_component_ref idref="oc-73"/>
      </symbol>
      <symbol id="sm-253">
         <name>sprintf</name>
         <value>0x23cd</value>
         <object_component_ref idref="oc-131"/>
      </symbol>
      <symbol id="sm-25c">
         <name>main_func_sp</name>
         <value>0x2000214c</value>
         <object_component_ref idref="oc-8b"/>
      </symbol>
      <symbol id="sm-26c">
         <name>strchr</name>
         <value>0x2a21</value>
         <object_component_ref idref="oc-214"/>
      </symbol>
      <symbol id="sm-27b">
         <name>strlen</name>
         <value>0x2a61</value>
         <object_component_ref idref="oc-1d9"/>
      </symbol>
      <symbol id="sm-2a1">
         <name>_Dscale</name>
         <value>0x1bb1</value>
         <object_component_ref idref="oc-262"/>
      </symbol>
      <symbol id="sm-2b5">
         <name>_Dunscale</name>
         <value>0x2367</value>
         <object_component_ref idref="oc-25a"/>
      </symbol>
      <symbol id="sm-2c7">
         <name>_Feraise</name>
         <value>0x28bd</value>
         <object_component_ref idref="oc-268"/>
      </symbol>
      <symbol id="sm-2d7">
         <name>_Rteps</name>
         <value>0x20002110</value>
         <object_component_ref idref="oc-292"/>
      </symbol>
      <symbol id="sm-2d8">
         <name>_Zero</name>
         <value>0x20002128</value>
         <object_component_ref idref="oc-292"/>
      </symbol>
      <symbol id="sm-2d9">
         <name>_Hugeval</name>
         <value>0x200020d0</value>
         <object_component_ref idref="oc-292"/>
      </symbol>
      <symbol id="sm-2da">
         <name>_Snan</name>
         <value>0x20002100</value>
         <object_component_ref idref="oc-292"/>
      </symbol>
      <symbol id="sm-2db">
         <name>_Nan</name>
         <value>0x200020f0</value>
         <object_component_ref idref="oc-292"/>
      </symbol>
      <symbol id="sm-2dc">
         <name>_Inf</name>
         <value>0x200020e0</value>
         <object_component_ref idref="oc-292"/>
      </symbol>
      <symbol id="sm-2dd">
         <name>_Xbig</name>
         <value>0x20002120</value>
         <object_component_ref idref="oc-292"/>
      </symbol>
      <symbol id="sm-2de">
         <name>_Eps</name>
         <value>0x200020c0</value>
         <object_component_ref idref="oc-292"/>
      </symbol>
      <symbol id="sm-2df">
         <name>_Denorm</name>
         <value>0x200020b0</value>
         <object_component_ref idref="oc-292"/>
      </symbol>
      <symbol id="sm-2f9">
         <name>_nop</name>
         <value>0x2a5b</value>
         <object_component_ref idref="oc-143"/>
      </symbol>
      <symbol id="sm-2fa">
         <name>_lock</name>
         <value>0x20002130</value>
         <object_component_ref idref="oc-ce"/>
      </symbol>
      <symbol id="sm-2fb">
         <name>_unlock</name>
         <value>0x20002134</value>
         <object_component_ref idref="oc-ce"/>
      </symbol>
      <symbol id="sm-2fc">
         <name>_register_lock</name>
         <value>0x2a53</value>
         <object_component_ref idref="oc-143"/>
      </symbol>
      <symbol id="sm-2fd">
         <name>_register_unlock</name>
         <value>0x2a4d</value>
         <object_component_ref idref="oc-143"/>
      </symbol>
      <symbol id="sm-402">
         <name>__TI_printfi</name>
         <value>0x1021</value>
         <object_component_ref idref="oc-19c"/>
      </symbol>
      <symbol id="sm-417">
         <name>_args_main</name>
         <value>0x2a09</value>
         <object_component_ref idref="oc-7f"/>
      </symbol>
      <symbol id="sm-42d">
         <name>atoi</name>
         <value>0x25c1</value>
         <object_component_ref idref="oc-226"/>
      </symbol>
      <symbol id="sm-453">
         <name>__TI_auto_init</name>
         <value>0x2291</value>
         <object_component_ref idref="oc-79"/>
      </symbol>
      <symbol id="sm-46d">
         <name>copy_in</name>
         <value>0x260d</value>
         <object_component_ref idref="oc-be"/>
      </symbol>
      <symbol id="sm-478">
         <name>_ctypes_</name>
         <value>0x2aec</value>
         <object_component_ref idref="oc-276"/>
      </symbol>
      <symbol id="sm-480">
         <name>_Errno</name>
         <value>0x20002148</value>
         <object_component_ref idref="oc-29d"/>
      </symbol>
      <symbol id="sm-4a7">
         <name>__aeabi_cdcmpeq</name>
         <value>0x2109</value>
         <object_component_ref idref="oc-1df"/>
      </symbol>
      <symbol id="sm-4a8">
         <name>__aeabi_cdcmple</name>
         <value>0x2109</value>
         <object_component_ref idref="oc-1df"/>
      </symbol>
      <symbol id="sm-4a9">
         <name>__aeabi_cdrcmple</name>
         <value>0x218f</value>
         <object_component_ref idref="oc-1ee"/>
      </symbol>
      <symbol id="sm-4c9">
         <name>__aeabi_ddiv</name>
         <value>0x1831</value>
         <object_component_ref idref="oc-1e9"/>
      </symbol>
      <symbol id="sm-4e0">
         <name>__aeabi_dmul</name>
         <value>0x1dcd</value>
         <object_component_ref idref="oc-1e4"/>
      </symbol>
      <symbol id="sm-4fe">
         <name>feraiseexcept</name>
         <value>0x2859</value>
         <object_component_ref idref="oc-297"/>
      </symbol>
      <symbol id="sm-4ff">
         <name>_Tls_setup__Fenv</name>
         <value>0x20002144</value>
         <object_component_ref idref="oc-2c1"/>
      </symbol>
      <symbol id="sm-500">
         <name>_Fenv</name>
         <value>0x20002140</value>
         <object_component_ref idref="oc-2c1"/>
      </symbol>
      <symbol id="sm-50e">
         <name>frexp</name>
         <value>0x2973</value>
         <object_component_ref idref="oc-208"/>
      </symbol>
      <symbol id="sm-521">
         <name>ldexp</name>
         <value>0x2483</value>
         <object_component_ref idref="oc-20e"/>
      </symbol>
      <symbol id="sm-531">
         <name>ltoa</name>
         <value>0x242d</value>
         <object_component_ref idref="oc-1f8"/>
      </symbol>
      <symbol id="sm-541">
         <name>memccpy</name>
         <value>0x29ed</value>
         <object_component_ref idref="oc-220"/>
      </symbol>
      <symbol id="sm-555">
         <name>raise</name>
         <value>0x291b</value>
         <object_component_ref idref="oc-2bb"/>
      </symbol>
      <symbol id="sm-570">
         <name>signal</name>
         <value>0x2771</value>
         <object_component_ref idref="oc-2cc"/>
      </symbol>
      <symbol id="sm-59b">
         <name>__aeabi_uldivmod</name>
         <value>0x1327</value>
         <object_component_ref idref="oc-1d4"/>
      </symbol>
      <symbol id="sm-5a9">
         <name>_Dclass</name>
         <value>0x288d</value>
         <object_component_ref idref="oc-21a"/>
      </symbol>
      <symbol id="sm-5be">
         <name>_Dnorm</name>
         <value>0x1faf</value>
         <object_component_ref idref="oc-288"/>
      </symbol>
      <symbol id="sm-60e">
         <name>SysCtlDelay</name>
         <value>0x2adb</value>
         <object_component_ref idref="oc-eb"/>
      </symbol>
      <symbol id="sm-60f">
         <name>SysCtlPeripheralEnable</name>
         <value>0x2825</value>
         <object_component_ref idref="oc-169"/>
      </symbol>
      <symbol id="sm-610">
         <name>SysCtlClockGet</name>
         <value>0x1a99</value>
         <object_component_ref idref="oc-e5"/>
      </symbol>
      <symbol id="sm-650">
         <name>SSIDataPut</name>
         <value>0x2ab3</value>
         <object_component_ref idref="oc-113"/>
      </symbol>
      <symbol id="sm-651">
         <name>SSIDataGet</name>
         <value>0x2aa7</value>
         <object_component_ref idref="oc-125"/>
      </symbol>
      <symbol id="sm-652">
         <name>SSIDataGetNonBlocking</name>
         <value>0x2a87</value>
         <object_component_ref idref="oc-11f"/>
      </symbol>
      <symbol id="sm-653">
         <name>SSIConfigSetExpClk</name>
         <value>0x272d</value>
         <object_component_ref idref="oc-175"/>
      </symbol>
      <symbol id="sm-654">
         <name>SSIEnable</name>
         <value>0x2abd</value>
         <object_component_ref idref="oc-17b"/>
      </symbol>
      <symbol id="sm-655">
         <name>SSIBusy</name>
         <value>0x2ac7</value>
         <object_component_ref idref="oc-119"/>
      </symbol>
      <symbol id="sm-696">
         <name>GPIOPinConfigure</name>
         <value>0x2659</value>
         <object_component_ref idref="oc-163"/>
      </symbol>
      <symbol id="sm-697">
         <name>GPIODirModeSet</name>
         <value>0x2949</value>
         <object_component_ref idref="oc-1b9"/>
      </symbol>
      <symbol id="sm-698">
         <name>GPIOPinWrite</name>
         <value>0x2acf</value>
         <object_component_ref idref="oc-182"/>
      </symbol>
      <symbol id="sm-699">
         <name>GPIOPadConfigSet</name>
         <value>0x1967</value>
         <object_component_ref idref="oc-1bf"/>
      </symbol>
      <symbol id="sm-69a">
         <name>GPIOPinTypeSSI</name>
         <value>0x2a75</value>
         <object_component_ref idref="oc-16f"/>
      </symbol>
      <symbol id="sm-69c">
         <name>__TI_static_base__</name>
         <value>0x0</value>
      </symbol>
      <symbol id="sm-69f">
         <name>SHT$$INIT_ARRAY$$Limit</name>
         <value>0x0</value>
      </symbol>
      <symbol id="sm-6a0">
         <name>SHT$$INIT_ARRAY$$Base</name>
         <value>0x0</value>
      </symbol>
   </symbol_table>
   <title>Link successful</title>
</link_info>
