******************************************************************************
                  TI ARM Linker PC v5.2.5                      
******************************************************************************
>> Linked Mon Jan 25 17:06:19 2016

OUTPUT FILE NAME:   <cubesat_lab.out>
ENTRY POINT SYMBOL: "_c_int00"  address: 00002525


MEMORY CONFIGURATION

         name            origin    length      used     unused   attr    fill
----------------------  --------  ---------  --------  --------  ----  --------
  FLASH                 00000000   00040000  00002df6  0003d20a  R  X
  SRAM                  20000000   00008000  00002150  00005eb0  RW X


SEGMENT ALLOCATION MAP

run origin  load origin   length   init length attrs members
----------  ----------- ---------- ----------- ----- -------
00000000    00000000    00002dfc   00002dfc    r-x
  00000000    00000000    0000026c   0000026c    r-- .intvecs
  0000026c    0000026c    0000287e   0000287e    r-x .text
  00002aec    00002aec    000002b8   000002b8    r-- .const
  00002da8    00002da8    00000054   00000054    r-- .cinit
20000000    20000000    00002150   00000000    rw-
  20000000    20000000    00001000   00000000    rw- .stack
  20001000    20001000    00001000   00000000    rw- .sysmem
  20002000    20002000    00000150   00000000    rw- .data


SECTION ALLOCATION MAP

 output                                  attributes/
section   page    origin      length       input sections
--------  ----  ----------  ----------   ----------------
.intvecs   0    00000000    0000026c     
                  00000000    0000026c     startup_ccs.obj (.intvecs)

.text      0    0000026c    0000287e     
                  0000026c    000010ba     rtsv7M4_T_le_v4SPD16_eabi.lib : _printfi.obj (.text)
                  00001326    000001f4                                   : ull_div_t2.obj (.text)
                  0000151a    000001b6                                   : fd_add_t2.obj (.text)
                  000016d0    00000160     main_xcvr_tx.obj (.text:main)
                  00001830    00000136     rtsv7M4_T_le_v4SPD16_eabi.lib : fd_div_t2.obj (.text)
                  00001966    00000130     driverlib.lib : gpio.obj (.text:GPIOPadConfigSet)
                  00001a96    00000002     startup_ccs.obj (.text:FaultISR)
                  00001a98    00000118     driverlib.lib : sysctl.obj (.text:SysCtlClockGet)
                  00001bb0    00000110     rtsv7M4_T_le_v4SPD16_eabi.lib : xdscale.obj (.text)
                  00001cc0    0000010c     main_xcvr_tx.obj (.text:setup)
                  00001dcc    000000fc     rtsv7M4_T_le_v4SPD16_eabi.lib : fd_mul_t2.obj (.text)
                  00001ec8    000000e6     cc112x.obj (.text:cc112x_print_status_byte)
                  00001fae    000000be     rtsv7M4_T_le_v4SPD16_eabi.lib : xdnorm.obj (.text)
                  0000206c    0000009c                                   : memcpy_t2.obj (.text)
                  00002108    00000086                                   : fd_cmp_t2.obj (.text:__aeabi_cdcmple)
                  0000218e    00000086                                   : fd_cmp_t2.obj (.text:__aeabi_cdrcmple)
                  00002214    0000007a                                   : memset_t2.obj (.text)
                  0000228e    00000002     startup_ccs.obj (.text:NmiSR)
                  00002290    0000006c     rtsv7M4_T_le_v4SPD16_eabi.lib : autoinit.obj (.text)
                  000022fc    0000006a                                   : copy_decompress_rle.obj (.text)
                  00002366    00000066                                   : xdunscal.obj (.text)
                  000023cc    00000060                                   : sprintf.obj (.text)
                  0000242c    00000056                                   : ltoa.obj (.text)
                  00002482    00000052                                   : ldexp.obj (.text)
                  000024d4    00000050     cc112x.obj (.text:cc112x_sgl_reg_access)
                  00002524    00000050     rtsv7M4_T_le_v4SPD16_eabi.lib : boot.obj (.text)
                  00002574    0000004c     cc112x.obj (.text:cc112x_write_regs)
                  000025c0    0000004c     rtsv7M4_T_le_v4SPD16_eabi.lib : atoi.obj (.text)
                  0000260c    0000004c                                   : cpy_tbl.obj (.text)
                  00002658    00000048     driverlib.lib : gpio.obj (.text:GPIOPinConfigure)
                  000026a0    00000048     rtsv7M4_T_le_v4SPD16_eabi.lib : fd_toi_t2.obj (.text)
                  000026e8    00000044                                   : exit.obj (.text)
                  0000272c    00000042     driverlib.lib : ssi.obj (.text:SSIConfigSetExpClk)
                  0000276e    00000002     --HOLE-- [fill = 0]
                  00002770    00000040     rtsv7M4_T_le_v4SPD16_eabi.lib : signal.obj (.text)
                  000027b0    0000003c     uart_funcs.obj (.text:UART_TX_string)
                  000027ec    00000036     cc112x.obj (.text:cc112x_manualReset)
                  00002822    00000002     --HOLE-- [fill = 0]
                  00002824    00000034     driverlib.lib : sysctl.obj (.text:SysCtlPeripheralEnable)
                  00002858    00000034     rtsv7M4_T_le_v4SPD16_eabi.lib : feraiseexcept.obj (.text)
                  0000288c    00000030                                   : xdclass.obj (.text)
                  000028bc    00000030                                   : xferaise.obj (.text)
                  000028ec    0000002e                                   : i_tofd_t2.obj (.text)
                  0000291a    0000002e                                   : raise.obj (.text)
                  00002948    0000002a     driverlib.lib : gpio.obj (.text:GPIODirModeSet)
                  00002972    0000002a     rtsv7M4_T_le_v4SPD16_eabi.lib : frexp.obj (.text)
                  0000299c    00000028     startup_ccs.obj (.text:IntDefaultHandler)
                  000029c4    00000028     main_xcvr_tx.obj (.text:UARTIntHandler)
                  000029ec    0000001c     rtsv7M4_T_le_v4SPD16_eabi.lib : memccpy.obj (.text)
                  00002a08    00000018                                   : args_main.obj (.text)
                  00002a20    00000016                                   : strchr.obj (.text)
                  00002a36    00000014     cc112x.obj (.text:cc112x_wait_until_ready)
                  00002a4a    00000002     --HOLE-- [fill = 0]
                  00002a4c    00000014     rtsv7M4_T_le_v4SPD16_eabi.lib : _lock.obj (.text)
                  00002a60    00000014                                   : strlen.obj (.text)
                  00002a74    00000012     driverlib.lib : gpio.obj (.text:GPIOPinTypeSSI)
                  00002a86    00000012                   : ssi.obj (.text:SSIDataGetNonBlocking)
                  00002a98    0000000e     rtsv7M4_T_le_v4SPD16_eabi.lib : copy_decompress_none.obj (.text:decompress:none)
                  00002aa6    0000000c     driverlib.lib : ssi.obj (.text:SSIDataGet)
                  00002ab2    0000000a                   : ssi.obj (.text:SSIDataPut)
                  00002abc    0000000a                   : ssi.obj (.text:SSIEnable)
                  00002ac6    00000008                   : ssi.obj (.text:SSIBusy)
                  00002ace    00000006                   : gpio.obj (.text:GPIOPinWrite)
                  00002ad4    00000006     startup_ccs.obj (.text:ResetISR)
                  00002ada    00000006     driverlib.lib : sysctl.obj (.text:SysCtlDelay)
                  00002ae0    00000006     rtsv7M4_T_le_v4SPD16_eabi.lib : copy_decompress_rle.obj (.text:decompress:rle24)
                  00002ae6    00000004                                   : pre_init.obj (.text)

.const     0    00002aec    000002b8     
                  00002aec    00000101     rtsv7M4_T_le_v4SPD16_eabi.lib : ctype.obj (.const:.string:_ctypes_)
                  00002bed    00000001     --HOLE-- [fill = 0]
                  00002bee    000000b8     main_xcvr_tx.obj (.const:cc112x_regSettings)
                  00002ca6    00000002     --HOLE-- [fill = 0]
                  00002ca8    00000090     driverlib.lib : gpio.obj (.const:g_pui32GPIOBaseAddrs)
                  00002d38    0000006c                   : sysctl.obj (.const:g_pui32Xtals)

.cinit     0    00002da8    00000054     
                  00002da8    00000041     (.cinit..data.load) [load image, compression = rle]
                  00002de9    00000003     --HOLE-- [fill = 0]
                  00002dec    00000008     (__TI_handler_table)
                  00002df4    00000008     (__TI_cinit_table)

.init_array 
*          0    00000000    00000000     UNINITIALIZED

.stack     0    20000000    00001000     UNINITIALIZED
                  20000000    00001000     --HOLE--

.sysmem    0    20001000    00001000     UNINITIALIZED
                  20001000    00000008     rtsv7M4_T_le_v4SPD16_eabi.lib : memory.obj (.sysmem)
                  20001008    00000ff8     --HOLE--

.data      0    20002000    00000150     UNINITIALIZED
                  20002000    000000b0     rtsv7M4_T_le_v4SPD16_eabi.lib : signal.obj (.data:sigtable)
                  200020b0    00000080                                   : xvalues.obj (.data)
                  20002130    00000008                                   : _lock.obj (.data)
                  20002138    00000008                                   : exit.obj (.data)
                  20002140    00000008                                   : feraiseexcept.obj (.data)
                  20002148    00000004                                   : errno.obj (.data)
                  2000214c    00000004                                   : stkdepth_vars.obj (.data)

.TI.persistent 
*          0    20002000    00000000     UNINITIALIZED


LINKER GENERATED COPY TABLES

__TI_cinit_table @ 00002df4 records: 1, size/record: 8, table size: 8
	.data: load addr=00002da8, load size=00000041 bytes, run addr=20002000, run size=00000150 bytes, compression=rle


LINKER GENERATED HANDLER TABLE

__TI_handler_table @ 00002dec records: 2, size/record: 4, table size: 8
	index: 0, handler: __TI_decompress_rle24
	index: 1, handler: __TI_decompress_none


GLOBAL SYMBOLS: SORTED ALPHABETICALLY BY Name 

address   name                    
-------   ----                    
000026e9  C$$EXIT                 
00002949  GPIODirModeSet          
00001967  GPIOPadConfigSet        
00002659  GPIOPinConfigure        
00002a75  GPIOPinTypeSSI          
00002acf  GPIOPinWrite            
00002ad5  ResetISR                
UNDEFED   SHT$$INIT_ARRAY$$Base   
UNDEFED   SHT$$INIT_ARRAY$$Limit  
00002ac7  SSIBusy                 
0000272d  SSIConfigSetExpClk      
00002aa7  SSIDataGet              
00002a87  SSIDataGetNonBlocking   
00002ab3  SSIDataPut              
00002abd  SSIEnable               
00001a99  SysCtlClockGet          
00002adb  SysCtlDelay             
00002825  SysCtlPeripheralEnable  
000029c5  UARTIntHandler          
000027b1  UART_TX_string          
0000288d  _Dclass                 
200020b0  _Denorm                 
00001faf  _Dnorm                  
00001bb1  _Dscale                 
00002367  _Dunscale               
200020c0  _Eps                    
20002148  _Errno                  
20002140  _Fenv                   
000028bd  _Feraise                
200020d0  _Hugeval                
200020e0  _Inf                    
200020f0  _Nan                    
20002110  _Rteps                  
20002100  _Snan                   
20002144  _Tls_setup__Fenv        
20002120  _Xbig                   
20002128  _Zero                   
20001000  __STACK_END             
00001000  __STACK_SIZE            
20000100  __STACK_TOP             
00001000  __SYSMEM_SIZE           
00002df4  __TI_CINIT_Base         
00002dfc  __TI_CINIT_Limit        
00002dec  __TI_Handler_Table_Base 
00002df4  __TI_Handler_Table_Limit
00002291  __TI_auto_init          
20002138  __TI_cleanup_ptr        
00002a99  __TI_decompress_none    
00002ae1  __TI_decompress_rle24   
2000213c  __TI_dtors_ptr          
00001021  __TI_printfi            
00000000  __TI_static_base__      
00002109  __aeabi_cdcmpeq         
00002109  __aeabi_cdcmple         
0000218f  __aeabi_cdrcmple        
000026a1  __aeabi_d2iz            
00001525  __aeabi_dadd            
00001831  __aeabi_ddiv            
00001dcd  __aeabi_dmul            
0000151b  __aeabi_dsub            
000028ed  __aeabi_i2d             
00002215  __aeabi_memclr          
00002215  __aeabi_memclr4         
00002215  __aeabi_memclr8         
0000206d  __aeabi_memcpy          
0000206d  __aeabi_memcpy4         
0000206d  __aeabi_memcpy8         
00002217  __aeabi_memset          
00002217  __aeabi_memset4         
00002217  __aeabi_memset8         
00001327  __aeabi_uldivmod        
ffffffff  __binit__               
ffffffff  __c_args__              
20000000  __stack                 
00002a09  _args_main              
00002525  _c_int00                
00002aec  _ctypes_                
20002130  _lock                   
00002a5b  _nop                    
00002a53  _register_lock          
00002a4d  _register_unlock        
20001000  _sys_memory             
00002ae7  _system_pre_init        
20002134  _unlock                 
000026ed  abort                   
000025c1  atoi                    
ffffffff  binit                   
000027ed  cc112x_manualReset      
00001ec9  cc112x_print_status_byte
00002bee  cc112x_regSettings      
00002a37  cc112x_wait_until_ready 
00002575  cc112x_write_regs       
0000260d  copy_in                 
000026f5  exit                    
00002859  feraiseexcept           
00002973  frexp                   
00000000  g_pfnVectors            
00002483  ldexp                   
0000242d  ltoa                    
000016d1  main                    
2000214c  main_func_sp            
000029ed  memccpy                 
0000206d  memcpy                  
0000221d  memset                  
0000291b  raise                   
00001cc1  setup                   
00002771  signal                  
000023cd  sprintf                 
00002a21  strchr                  
00002a61  strlen                  


GLOBAL SYMBOLS: SORTED BY Symbol Address 

address   name                    
-------   ----                    
00000000  __TI_static_base__      
00000000  g_pfnVectors            
00001000  __STACK_SIZE            
00001000  __SYSMEM_SIZE           
00001021  __TI_printfi            
00001327  __aeabi_uldivmod        
0000151b  __aeabi_dsub            
00001525  __aeabi_dadd            
000016d1  main                    
00001831  __aeabi_ddiv            
00001967  GPIOPadConfigSet        
00001a99  SysCtlClockGet          
00001bb1  _Dscale                 
00001cc1  setup                   
00001dcd  __aeabi_dmul            
00001ec9  cc112x_print_status_byte
00001faf  _Dnorm                  
0000206d  __aeabi_memcpy          
0000206d  __aeabi_memcpy4         
0000206d  __aeabi_memcpy8         
0000206d  memcpy                  
00002109  __aeabi_cdcmpeq         
00002109  __aeabi_cdcmple         
0000218f  __aeabi_cdrcmple        
00002215  __aeabi_memclr          
00002215  __aeabi_memclr4         
00002215  __aeabi_memclr8         
00002217  __aeabi_memset          
00002217  __aeabi_memset4         
00002217  __aeabi_memset8         
0000221d  memset                  
00002291  __TI_auto_init          
00002367  _Dunscale               
000023cd  sprintf                 
0000242d  ltoa                    
00002483  ldexp                   
00002525  _c_int00                
00002575  cc112x_write_regs       
000025c1  atoi                    
0000260d  copy_in                 
00002659  GPIOPinConfigure        
000026a1  __aeabi_d2iz            
000026e9  C$$EXIT                 
000026ed  abort                   
000026f5  exit                    
0000272d  SSIConfigSetExpClk      
00002771  signal                  
000027b1  UART_TX_string          
000027ed  cc112x_manualReset      
00002825  SysCtlPeripheralEnable  
00002859  feraiseexcept           
0000288d  _Dclass                 
000028bd  _Feraise                
000028ed  __aeabi_i2d             
0000291b  raise                   
00002949  GPIODirModeSet          
00002973  frexp                   
000029c5  UARTIntHandler          
000029ed  memccpy                 
00002a09  _args_main              
00002a21  strchr                  
00002a37  cc112x_wait_until_ready 
00002a4d  _register_unlock        
00002a53  _register_lock          
00002a5b  _nop                    
00002a61  strlen                  
00002a75  GPIOPinTypeSSI          
00002a87  SSIDataGetNonBlocking   
00002a99  __TI_decompress_none    
00002aa7  SSIDataGet              
00002ab3  SSIDataPut              
00002abd  SSIEnable               
00002ac7  SSIBusy                 
00002acf  GPIOPinWrite            
00002ad5  ResetISR                
00002adb  SysCtlDelay             
00002ae1  __TI_decompress_rle24   
00002ae7  _system_pre_init        
00002aec  _ctypes_                
00002bee  cc112x_regSettings      
00002dec  __TI_Handler_Table_Base 
00002df4  __TI_CINIT_Base         
00002df4  __TI_Handler_Table_Limit
00002dfc  __TI_CINIT_Limit        
20000000  __stack                 
20000100  __STACK_TOP             
20001000  __STACK_END             
20001000  _sys_memory             
200020b0  _Denorm                 
200020c0  _Eps                    
200020d0  _Hugeval                
200020e0  _Inf                    
200020f0  _Nan                    
20002100  _Snan                   
20002110  _Rteps                  
20002120  _Xbig                   
20002128  _Zero                   
20002130  _lock                   
20002134  _unlock                 
20002138  __TI_cleanup_ptr        
2000213c  __TI_dtors_ptr          
20002140  _Fenv                   
20002144  _Tls_setup__Fenv        
20002148  _Errno                  
2000214c  main_func_sp            
ffffffff  __binit__               
ffffffff  __c_args__              
ffffffff  binit                   
UNDEFED   SHT$$INIT_ARRAY$$Base   
UNDEFED   SHT$$INIT_ARRAY$$Limit  

[110 symbols]
